Archive member included to satisfy reference by file (symbol)

C:\Users\twizz\OneDrive\Documents\GitHub\TFTDisplay\Drivers\STemWin\lib\libSTemWin532_CM4_GCC.a(PROGBAR_SkinFlex.o)
                              Src/main.o (PROGBAR_DrawSkinFlex)
C:\Users\twizz\OneDrive\Documents\GitHub\TFTDisplay\Drivers\STemWin\lib\libSTemWin532_CM4_GCC.a(PROGBAR_Skin.o)
                              Src/main.o (PROGBAR_SetDefaultSkin)
C:\Users\twizz\OneDrive\Documents\GitHub\TFTDisplay\Drivers\STemWin\lib\libSTemWin532_CM4_GCC.a(PROGBAR_SetText.o)
                              Src/main.o (PROGBAR_SetText)
C:\Users\twizz\OneDrive\Documents\GitHub\TFTDisplay\Drivers\STemWin\lib\libSTemWin532_CM4_GCC.a(PROGBAR_SetMinMax.o)
                              Src/main.o (PROGBAR_SetMinMax)
C:\Users\twizz\OneDrive\Documents\GitHub\TFTDisplay\Drivers\STemWin\lib\libSTemWin532_CM4_GCC.a(PROGBAR_SetFont.o)
                              Src/main.o (PROGBAR_SetFont)
C:\Users\twizz\OneDrive\Documents\GitHub\TFTDisplay\Drivers\STemWin\lib\libSTemWin532_CM4_GCC.a(PROGBAR.o)
                              C:\Users\twizz\OneDrive\Documents\GitHub\TFTDisplay\Drivers\STemWin\lib\libSTemWin532_CM4_GCC.a(PROGBAR_Skin.o) (PROGBAR__GetTextLocked)
C:\Users\twizz\OneDrive\Documents\GitHub\TFTDisplay\Drivers\STemWin\lib\libSTemWin532_CM4_GCC.a(WM_UserData.o)
                              C:\Users\twizz\OneDrive\Documents\GitHub\TFTDisplay\Drivers\STemWin\lib\libSTemWin532_CM4_GCC.a(PROGBAR.o) (WM__GetUserDataEx)
C:\Users\twizz\OneDrive\Documents\GitHub\TFTDisplay\Drivers\STemWin\lib\libSTemWin532_CM4_GCC.a(WM_SetUserClipRect.o)
                              C:\Users\twizz\OneDrive\Documents\GitHub\TFTDisplay\Drivers\STemWin\lib\libSTemWin532_CM4_GCC.a(PROGBAR_Skin.o) (WM_SetUserClipRect)
C:\Users\twizz\OneDrive\Documents\GitHub\TFTDisplay\Drivers\STemWin\lib\libSTemWin532_CM4_GCC.a(WM_GetClientRect.o)
                              C:\Users\twizz\OneDrive\Documents\GitHub\TFTDisplay\Drivers\STemWin\lib\libSTemWin532_CM4_GCC.a(PROGBAR_Skin.o) (WM_GetClientRectEx)
C:\Users\twizz\OneDrive\Documents\GitHub\TFTDisplay\Drivers\STemWin\lib\libSTemWin532_CM4_GCC.a(WM.o)
                              C:\Users\twizz\OneDrive\Documents\GitHub\TFTDisplay\Drivers\STemWin\lib\libSTemWin532_CM4_GCC.a(WM_GetClientRect.o) (WM__hATransWindow)
C:\Users\twizz\OneDrive\Documents\GitHub\TFTDisplay\Drivers\STemWin\lib\libSTemWin532_CM4_GCC.a(GUITDRV_ADS7846.o)
                              Drivers/STemWin/Config/LCDConf.o (GUITDRV_ADS7846_Config)
C:\Users\twizz\OneDrive\Documents\GitHub\TFTDisplay\Drivers\STemWin\lib\libSTemWin532_CM4_GCC.a(GUIDEV_StaticDevices.o)
                              C:\Users\twizz\OneDrive\Documents\GitHub\TFTDisplay\Drivers\STemWin\lib\libSTemWin532_CM4_GCC.a(WM.o) (GUI_MEMDEV_Paint1Static)
C:\Users\twizz\OneDrive\Documents\GitHub\TFTDisplay\Drivers\STemWin\lib\libSTemWin532_CM4_GCC.a(GUIDEV_SetOrg.o)
                              C:\Users\twizz\OneDrive\Documents\GitHub\TFTDisplay\Drivers\STemWin\lib\libSTemWin532_CM4_GCC.a(GUIDEV_StaticDevices.o) (GUI_MEMDEV_SetOrg)
C:\Users\twizz\OneDrive\Documents\GitHub\TFTDisplay\Drivers\STemWin\lib\libSTemWin532_CM4_GCC.a(GUIDEV_GetYSize.o)
                              C:\Users\twizz\OneDrive\Documents\GitHub\TFTDisplay\Drivers\STemWin\lib\libSTemWin532_CM4_GCC.a(GUIDEV_StaticDevices.o) (GUI_MEMDEV_GetYSize)
C:\Users\twizz\OneDrive\Documents\GitHub\TFTDisplay\Drivers\STemWin\lib\libSTemWin532_CM4_GCC.a(GUIDEV_GetXSize.o)
                              C:\Users\twizz\OneDrive\Documents\GitHub\TFTDisplay\Drivers\STemWin\lib\libSTemWin532_CM4_GCC.a(GUIDEV_StaticDevices.o) (GUI_MEMDEV_GetXSize)
C:\Users\twizz\OneDrive\Documents\GitHub\TFTDisplay\Drivers\STemWin\lib\libSTemWin532_CM4_GCC.a(GUIDEV_GetPos.o)
                              C:\Users\twizz\OneDrive\Documents\GitHub\TFTDisplay\Drivers\STemWin\lib\libSTemWin532_CM4_GCC.a(GUIDEV_StaticDevices.o) (GUI_MEMDEV_GetXPos)
C:\Users\twizz\OneDrive\Documents\GitHub\TFTDisplay\Drivers\STemWin\lib\libSTemWin532_CM4_GCC.a(GUIDEV_GetDataPtr.o)
                              C:\Users\twizz\OneDrive\Documents\GitHub\TFTDisplay\Drivers\STemWin\lib\libSTemWin532_CM4_GCC.a(GUIDEV_StaticDevices.o) (GUI_MEMDEV_GetDataPtr)
C:\Users\twizz\OneDrive\Documents\GitHub\TFTDisplay\Drivers\STemWin\lib\libSTemWin532_CM4_GCC.a(GUIDEV_CreateFixed.o)
                              C:\Users\twizz\OneDrive\Documents\GitHub\TFTDisplay\Drivers\STemWin\lib\libSTemWin532_CM4_GCC.a(GUIDEV_StaticDevices.o) (GUI_MEMDEV_CreateFixed)
C:\Users\twizz\OneDrive\Documents\GitHub\TFTDisplay\Drivers\STemWin\lib\libSTemWin532_CM4_GCC.a(GUIDEV_Banding.o)
                              C:\Users\twizz\OneDrive\Documents\GitHub\TFTDisplay\Drivers\STemWin\lib\libSTemWin532_CM4_GCC.a(WM.o) (GUI_MEMDEV_Draw)
C:\Users\twizz\OneDrive\Documents\GitHub\TFTDisplay\Drivers\STemWin\lib\libSTemWin532_CM4_GCC.a(GUIDEV_32.o)
[...]
Memory Configuration

Name             Origin             Length             Attributes
RAM              0x20000000         0x00020000         xrw
CCMRAM           0x10000000         0x00010000         rw
FLASH            0x08000000         0x00100000         xr
*default*        0x00000000         0xffffffff

Linker script and memory map

LOAD c:/ac6/systemworkbench/plugins/fr.ac6.mcu.externaltools.arm-none.win32_1.15.0.201708311556/tools/compiler/bin/../lib/gcc/arm-none-eabi/6.3.1/thumb/v7e-m/fpv4-sp/hard/crti.o
LOAD c:/ac6/systemworkbench/plugins/fr.ac6.mcu.externaltools.arm-none.win32_1.15.0.201708311556/tools/compiler/bin/../lib/gcc/arm-none-eabi/6.3.1/thumb/v7e-m/fpv4-sp/hard/crtbegin.o
LOAD c:/ac6/systemworkbench/plugins/fr.ac6.mcu.externaltools.arm-none.win32_1.15.0.201708311556/tools/compiler/bin/../lib/gcc/arm-none-eabi/6.3.1/../../../../arm-none-eabi/lib/thumb/v7e-m/fpv4-sp/hard/crt0.o
LOAD Drivers/STM32F4xx_HAL_Driver/Src/stm32f4xx_hal.o
LOAD Drivers/STM32F4xx_HAL_Driver/Src/stm32f4xx_hal_adc.o
LOAD Drivers/STM32F4xx_HAL_Driver/Src/stm32f4xx_hal_adc_ex.o
LOAD Drivers/STM32F4xx_HAL_Driver/Src/stm32f4xx_hal_cortex.o
LOAD Drivers/STM32F4xx_HAL_Driver/Src/stm32f4xx_hal_crc.o
LOAD Drivers/STM32F4xx_HAL_Driver/Src/stm32f4xx_hal_dma.o
LOAD Drivers/STM32F4xx_HAL_Driver/Src/stm32f4xx_hal_dma_ex.o
LOAD Drivers/STM32F4xx_HAL_Driver/Src/stm32f4xx_hal_flash.o
LOAD Drivers/STM32F4xx_HAL_Driver/Src/stm32f4xx_hal_flash_ex.o
LOAD Drivers/STM32F4xx_HAL_Driver/Src/stm32f4xx_hal_flash_ramfunc.o
LOAD Drivers/STM32F4xx_HAL_Driver/Src/stm32f4xx_hal_gpio.o
LOAD Drivers/STM32F4xx_HAL_Driver/Src/stm32f4xx_hal_pwr.o
LOAD Drivers/STM32F4xx_HAL_Driver/Src/stm32f4xx_hal_pwr_ex.o
LOAD Drivers/STM32F4xx_HAL_Driver/Src/stm32f4xx_hal_rcc.o
LOAD Drivers/STM32F4xx_HAL_Driver/Src/stm32f4xx_hal_rcc_ex.o
LOAD Drivers/STM32F4xx_HAL_Driver/Src/stm32f4xx_hal_spi.o
LOAD Drivers/STM32F4xx_HAL_Driver/Src/stm32f4xx_hal_sram.o
LOAD Drivers/STM32F4xx_HAL_Driver/Src/stm32f4xx_hal_tim.o
LOAD Drivers/STM32F4xx_HAL_Driver/Src/stm32f4xx_hal_tim_ex.o
LOAD Drivers/STM32F4xx_HAL_Driver/Src/stm32f4xx_hal_uart.o
LOAD Drivers/STM32F4xx_HAL_Driver/Src/stm32f4xx_ll_fsmc.o
LOAD Drivers/STemWin/Config/GUIConf.o
LOAD Drivers/STemWin/Config/GUIDRV_Template.o
LOAD Drivers/STemWin/Config/LCDConf.o
LOAD Drivers/STemWin/Config/LCD_STM32F4.o
LOAD Drivers/STemWin/Config/SIMConf.o
LOAD Drivers/STemWin/Config/ts.o
LOAD Drivers/STemWin/OS/GUI_X.o
LOAD Src/main.o
LOAD Src/stm32f4xx_hal_msp.o
LOAD Src/stm32f4xx_it.o
LOAD Src/system_stm32f4xx.o
LOAD startup/startup_stm32f407xx.o
LOAD C:\Users\twizz\OneDrive\Documents\GitHub\TFTDisplay\Drivers\STemWin\lib\libSTemWin532_CM4_GCC.a
LOAD c:/ac6/systemworkbench/plugins/fr.ac6.mcu.externaltools.arm-none.win32_1.15.0.201708311556/tools/compiler/bin/../lib/gcc/arm-none-eabi/6.3.1/../../../../arm-none-eabi/lib/thumb/v7e-m/fpv4-sp/hard\libm.a
START GROUP
LOAD c:/ac6/systemworkbench/plugins/fr.ac6.mcu.externaltools.arm-none.win32_1.15.0.201708311556/tools/compiler/bin/../lib/gcc/arm-none-eabi/6.3.1/thumb/v7e-m/fpv4-sp/hard\libgcc.a
LOAD c:/ac6/systemworkbench/plugins/fr.ac6.mcu.externaltools.arm-none.win32_1.15.0.201708311556/tools/compiler/bin/../lib/gcc/arm-none-eabi/6.3.1/../../../../arm-none-eabi/lib/thumb/v7e-m/fpv4-sp/hard\libc.a
END GROUP
START GROUP
LOAD c:/ac6/systemworkbench/plugins/fr.ac6.mcu.externaltools.arm-none.win32_1.15.0.201708311556/tools/compiler/bin/../lib/gcc/arm-none-eabi/6.3.1/thumb/v7e-m/fpv4-sp/hard\libgcc.a
LOAD c:/ac6/systemworkbench/plugins/fr.ac6.mcu.externaltools.arm-none.win32_1.15.0.201708311556/tools/compiler/bin/../lib/gcc/arm-none-eabi/6.3.1/../../../../arm-none-eabi/lib/thumb/v7e-m/fpv4-sp/hard\libc.a
LOAD c:/ac6/systemworkbench/plugins/fr.ac6.mcu.externaltools.arm-none.win32_1.15.0.201708311556/tools/compiler/bin/../lib/gcc/arm-none-eabi/6.3.1/../../../../arm-none-eabi/lib/thumb/v7e-m/fpv4-sp/hard\libnosys.a
END GROUP
LOAD c:/ac6/systemworkbench/plugins/fr.ac6.mcu.externaltools.arm-none.win32_1.15.0.201708311556/tools/compiler/bin/../lib/gcc/arm-none-eabi/6.3.1/thumb/v7e-m/fpv4-sp/hard/crtend.o
LOAD c:/ac6/systemworkbench/plugins/fr.ac6.mcu.externaltools.arm-none.win32_1.15.0.201708311556/tools/compiler/bin/../lib/gcc/arm-none-eabi/6.3.1/thumb/v7e-m/fpv4-sp/hard/crtn.o
                0x20020000                _estack = 0x20020000
                0x00000400                _Min_Heap_Size = 0x400
                0x00000200                _Min_Stack_Size = 0x200

.isr_vector     0x08000000      0x188
                0x08000000                . = ALIGN (0x4)
 *(.isr_vector)
 .isr_vector    0x08000000      0x188 startup/startup_stm32f407xx.o
                0x08000000                g_pfnVectors
                0x08000188                . = ALIGN (0x4)

.text           0x080001c0    0x1392c
                0x080001c0                . = ALIGN (0x4)
 *(.text)
 .text          0x080001c0       0x6c c:/ac6/systemworkbench/plugins/fr.ac6.mcu.externaltools.arm-none.win32_1.15.0.201708311556/tools/compiler/bin/../lib/gcc/arm-none-eabi/6.3.1/thumb/v7e-m/fpv4-sp/hard/crtbegin.o
 .text          0x0800022c      0x370 c:/ac6/systemworkbench/plugins/fr.ac6.mcu.externaltools.arm-none.win32_1.15.0.201708311556/tools/compiler/bin/../lib/gcc/arm-none-eabi/6.3.1/thumb/v7e-m/fpv4-sp/hard\libgcc.a(_arm_addsubdf3.o)
                0x0800022c                __aeabi_drsub
                0x08000234                __aeabi_dsub
                0x08000234                __subdf3
                0x08000238                __aeabi_dadd
                0x08000238                __adddf3
                0x080004b0                __floatunsidf
                0x080004b0                __aeabi_ui2d
                0x080004d0                __floatsidf
                0x080004d0                __aeabi_i2d
                0x080004f4                __aeabi_f2d
                0x080004f4                __extendsfdf2
                0x08000530                __floatundidf
                0x08000530                __aeabi_ul2d
                0x08000540                __floatdidf
                0x08000540                __aeabi_l2d
 .text          0x0800059c      0x424 c:/ac6/systemworkbench/plugins/fr.ac6.mcu.externaltools.arm-none.win32_1.15.0.201708311556/tools/compiler/bin/../lib/gcc/arm-none-eabi/6.3.1/thumb/v7e-m/fpv4-sp/hard\libgcc.a(_arm_muldivdf3.o)
                0x0800059c                __aeabi_dmul
                0x0800059c                __muldf3
                0x080007f0                __divdf3
                0x080007f0                __aeabi_ddiv
 .text          0x080009c0      0x110 c:/ac6/systemworkbench/plugins/fr.ac6.mcu.externaltools.arm-none.win32_1.15.0.201708311556/tools/compiler/bin/../lib/gcc/arm-none-eabi/6.3.1/thumb/v7e-m/fpv4-sp/hard\libgcc.a(_arm_cmpdf2.o)
                0x080009c0                __gtdf2
                0x080009c0                __gedf2
                0x080009c8                __ltdf2
                0x080009c8                __ledf2
                0x080009d0                __nedf2
                0x080009d0                __eqdf2
                0x080009d0                __cmpdf2
                0x08000a4c                __aeabi_cdrcmple
                0x08000a5c                __aeabi_cdcmpeq
                0x08000a5c                __aeabi_cdcmple
                0x08000a6c                __aeabi_dcmpeq
                0x08000a80                __aeabi_dcmplt
                0x08000a94                __aeabi_dcmple
                0x08000aa8                __aeabi_dcmpge
                0x08000abc                __aeabi_dcmpgt
 .text          0x08000ad0       0x50 c:/ac6/systemworkbench/plugins/fr.ac6.mcu.externaltools.arm-none.win32_1.15.0.201708311556/tools/compiler/bin/../lib/gcc/arm-none-eabi/6.3.1/thumb/v7e-m/fpv4-sp/hard\libgcc.a(_arm_fixdfsi.o)
                0x08000ad0                __aeabi_d2iz
                0x08000ad0                __fixdfsi
 .text          0x08000b20       0xa0 c:/ac6/systemworkbench/plugins/fr.ac6.mcu.externaltools.arm-none.win32_1.15.0.201708311556/tools/compiler/bin/../lib/gcc/arm-none-eabi/6.3.1/thumb/v7e-m/fpv4-sp/hard\libgcc.a(_arm_truncdfsf2.o)
                0x08000b20                __truncdfsf2
                0x08000b20                __aeabi_d2f
 .text          0x08000bc0      0x134 c:/ac6/systemworkbench/plugins/fr.ac6.mcu.externaltools.arm-none.win32_1.15.0.201708311556/tools/compiler/bin/../lib/gcc/arm-none-eabi/6.3.1/../../../../arm-none-eabi/lib/thumb/v7e-m/fpv4-sp/hard\libc.a(lib_a-memcpy.o)
                0x08000bc0                memcpy
 *fill*         0x08000cf4        0xc 
 .text          0x08000d00       0xa0 c:/ac6/systemworkbench/plugins/fr.ac6.mcu.externaltools.arm-none.win32_1.15.0.201708311556/tools/compiler/bin/../lib/gcc/arm-none-eabi/6.3.1/../../../../arm-none-eabi/lib/thumb/v7e-m/fpv4-sp/hard\libc.a(lib_a-memchr.o)
                0x08000d00                memchr
 *fill*         0x08000da0       0x20 
 .text          0x08000dc0       0xdc c:/ac6/systemworkbench/plugins/fr.ac6.mcu.externaltools.arm-none.win32_1.15.0.201708311556/tools/compiler/bin/../lib/gcc/arm-none-eabi/6.3.1/../../../../arm-none-eabi/lib/thumb/v7e-m/fpv4-sp/hard\libc.a(lib_a-strlen.o)
                0x08000dc0                strlen
 .text          0x08000e9c       0x2c c:/ac6/systemworkbench/plugins/fr.ac6.mcu.externaltools.arm-none.win32_1.15.0.201708311556/tools/compiler/bin/../lib/gcc/arm-none-eabi/6.3.1/thumb/v7e-m/fpv4-sp/hard\libgcc.a(_arm_unorddf2.o)
                0x08000e9c                __unorddf2
                0x08000e9c                __aeabi_dcmpun
 .text          0x08000ec8       0x30 c:/ac6/systemworkbench/plugins/fr.ac6.mcu.externaltools.arm-none.win32_1.15.0.201708311556/tools/compiler/bin/../lib/gcc/arm-none-eabi/6.3.1/thumb/v7e-m/fpv4-sp/hard\libgcc.a(_aeabi_uldivmod.o)
                0x08000ec8                __aeabi_uldivmod
 .text          0x08000ef8      0x2dc c:/ac6/systemworkbench/plugins/fr.ac6.mcu.externaltools.arm-none.win32_1.15.0.201708311556/tools/compiler/bin/../lib/gcc/arm-none-eabi/6.3.1/thumb/v7e-m/fpv4-sp/hard\libgcc.a(_udivmoddi4.o)
                0x08000ef8                __udivmoddi4
 .text          0x080011d4        0x4 c:/ac6/systemworkbench/plugins/fr.ac6.mcu.externaltools.arm-none.win32_1.15.0.201708311556/tools/compiler/bin/../lib/gcc/arm-none-eabi/6.3.1/thumb/v7e-m/fpv4-sp/hard\libgcc.a(_dvmd_tls.o)
                0x080011d4                __aeabi_idiv0
                0x080011d4                __aeabi_ldiv0
 *(.text*)
 .text.HAL_Init
                0x080011d8       0x44 Drivers/STM32F4xx_HAL_Driver/Src/stm32f4xx_hal.o
                0x080011d8                HAL_Init
 .text.HAL_InitTick
                0x0800121c       0x38 Drivers/STM32F4xx_HAL_Driver/Src/stm32f4xx_hal.o
                0x0800121c                HAL_InitTick
 .text.HAL_IncTick
                0x08001254       0x1c Drivers/STM32F4xx_HAL_Driver/Src/stm32f4xx_hal.o
                0x08001254                HAL_IncTick
 .text.HAL_GetTick
                0x08001270       0x18 Drivers/STM32F4xx_HAL_Driver/Src/stm32f4xx_hal.o
                0x08001270                HAL_GetTick
 .text.HAL_Delay
                0x08001288       0x3a Drivers/STM32F4xx_HAL_Driver/Src/stm32f4xx_hal.o
                0x08001288                HAL_Delay
 .text.HAL_ADC_Init
                0x080012c2       0x86 Drivers/STM32F4xx_HAL_Driver/Src/stm32f4xx_hal_adc.o
                0x080012c2                HAL_ADC_Init
 .text.HAL_ADC_Start_DMA
                0x08001348      0x1a4 Drivers/STM32F4xx_HAL_Driver/Src/stm32f4xx_hal_adc.o
                0x08001348                HAL_ADC_Start_DMA
 .text.HAL_ADC_Stop_DMA
                0x080014ec       0x94 Drivers/STM32F4xx_HAL_Driver/Src/stm32f4xx_hal_adc.o
                0x080014ec                HAL_ADC_Stop_DMA
 .text.HAL_ADC_ConvCpltCallback
                0x08001580       0x14 Drivers/STM32F4xx_HAL_Driver/Src/stm32f4xx_hal_adc.o
                0x08001580                HAL_ADC_ConvCpltCallback
 .text.HAL_ADC_ConvHalfCpltCallback
                0x08001594       0x14 Drivers/STM32F4xx_HAL_Driver/Src/stm32f4xx_hal_adc.o
                0x08001594                HAL_ADC_ConvHalfCpltCallback
 .text.HAL_ADC_ErrorCallback
                0x080015a8       0x14 Drivers/STM32F4xx_HAL_Driver/Src/stm32f4xx_hal_adc.o
                0x080015a8                HAL_ADC_ErrorCallback
 .text.HAL_ADC_ConfigChannel
                0x080015bc      0x248 Drivers/STM32F4xx_HAL_Driver/Src/stm32f4xx_hal_adc.o
                0x080015bc                HAL_ADC_ConfigChannel
 .text.ADC_Init
                0x08001804      0x208 Drivers/STM32F4xx_HAL_Driver/Src/stm32f4xx_hal_adc.o
 .text.ADC_DMAConvCplt
                0x08001a0c       0xa6 Drivers/STM32F4xx_HAL_Driver/Src/stm32f4xx_hal_adc.o
 .text.ADC_DMAHalfConvCplt
                0x08001ab2       0x1c Drivers/STM32F4xx_HAL_Driver/Src/stm32f4xx_hal_adc.o
 .text.ADC_DMAError
                0x08001ace       0x2e Drivers/STM32F4xx_HAL_Driver/Src/stm32f4xx_hal_adc.o
 .text.NVIC_SetPriorityGrouping
                0x08001afc       0x48 Drivers/STM32F4xx_HAL_Driver/Src/stm32f4xx_hal_cortex.o
 .text.NVIC_GetPriorityGrouping
                0x08001b44       0x1c Drivers/STM32F4xx_HAL_Driver/Src/stm32f4xx_hal_cortex.o
 .text.NVIC_EnableIRQ
                0x08001b60       0x34 Drivers/STM32F4xx_HAL_Driver/Src/stm32f4xx_hal_cortex.o
 .text.NVIC_SetPriority
                0x08001b94       0x54 Drivers/STM32F4xx_HAL_Driver/Src/stm32f4xx_hal_cortex.o
 .text.NVIC_EncodePriority
                0x08001be8       0x62 Drivers/STM32F4xx_HAL_Driver/Src/stm32f4xx_hal_cortex.o
 *fill*         0x08001c4a        0x2 
 .text.SysTick_Config
                0x08001c4c       0x44 Drivers/STM32F4xx_HAL_Driver/Src/stm32f4xx_hal_cortex.o
 .text.HAL_NVIC_SetPriorityGrouping
                0x08001c90       0x16 Drivers/STM32F4xx_HAL_Driver/Src/stm32f4xx_hal_cortex.o
                0x08001c90                HAL_NVIC_SetPriorityGrouping
 .text.HAL_NVIC_SetPriority
                0x08001ca6       0x38 Drivers/STM32F4xx_HAL_Driver/Src/stm32f4xx_hal_cortex.o
                0x08001ca6                HAL_NVIC_SetPriority
 .text.HAL_NVIC_EnableIRQ
                0x08001cde       0x1c Drivers/STM32F4xx_HAL_Driver/Src/stm32f4xx_hal_cortex.o
                0x08001cde                HAL_NVIC_EnableIRQ
 .text.HAL_SYSTICK_Config
                0x08001cfa       0x18 Drivers/STM32F4xx_HAL_Driver/Src/stm32f4xx_hal_cortex.o
                0x08001cfa                HAL_SYSTICK_Config
 *fill*         0x08001d12        0x2 
 .text.HAL_SYSTICK_CLKSourceConfig
                0x08001d14       0x38 Drivers/STM32F4xx_HAL_Driver/Src/stm32f4xx_hal_cortex.o
                0x08001d14                HAL_SYSTICK_CLKSourceConfig
 .text.HAL_SYSTICK_IRQHandler
                0x08001d4c        0xc Drivers/STM32F4xx_HAL_Driver/Src/stm32f4xx_hal_cortex.o
                0x08001d4c                HAL_SYSTICK_IRQHandler
 .text.HAL_SYSTICK_Callback
                0x08001d58        0xe Drivers/STM32F4xx_HAL_Driver/Src/stm32f4xx_hal_cortex.o
                0x08001d58                HAL_SYSTICK_Callback
 .text.HAL_CRC_Init
                0x08001d66       0x3e Drivers/STM32F4xx_HAL_Driver/Src/stm32f4xx_hal_crc.o
                0x08001d66                HAL_CRC_Init
 .text.HAL_DMA_Init
                0x08001da4      0x15c Drivers/STM32F4xx_HAL_Driver/Src/stm32f4xx_hal_dma.o
                0x08001da4                HAL_DMA_Init
 .text.HAL_DMA_Start_IT
                0x08001f00       0xc0 Drivers/STM32F4xx_HAL_Driver/Src/stm32f4xx_hal_dma.o
                0x08001f00                HAL_DMA_Start_IT
 .text.HAL_DMA_Abort
                0x08001fc0       0xe0 Drivers/STM32F4xx_HAL_Driver/Src/stm32f4xx_hal_dma.o
                0x08001fc0                HAL_DMA_Abort
 .text.HAL_DMA_Abort_IT
                0x080020a0       0x44 Drivers/STM32F4xx_HAL_Driver/Src/stm32f4xx_hal_dma.o
                0x080020a0                HAL_DMA_Abort_IT
 .text.HAL_DMA_IRQHandler
                0x080020e4      0x320 Drivers/STM32F4xx_HAL_Driver/Src/stm32f4xx_hal_dma.o
                0x080020e4                HAL_DMA_IRQHandler
 .text.DMA_SetConfig
                0x08002404       0x5c Drivers/STM32F4xx_HAL_Driver/Src/stm32f4xx_hal_dma.o
 .text.DMA_CalcBaseAndBitshift
                0x08002460       0x6c Drivers/STM32F4xx_HAL_Driver/Src/stm32f4xx_hal_dma.o
 .text.DMA_CheckFifoParam
                0x080024cc       0xf4 Drivers/STM32F4xx_HAL_Driver/Src/stm32f4xx_hal_dma.o
 .text.HAL_GPIO_Init
                0x080025c0      0x334 Drivers/STM32F4xx_HAL_Driver/Src/stm32f4xx_hal_gpio.o
                0x080025c0                HAL_GPIO_Init
 .text.HAL_GPIO_ReadPin
                0x080028f4       0x30 Drivers/STM32F4xx_HAL_Driver/Src/stm32f4xx_hal_gpio.o
                0x080028f4                HAL_GPIO_ReadPin
 .text.HAL_GPIO_WritePin
                0x08002924       0x32 Drivers/STM32F4xx_HAL_Driver/Src/stm32f4xx_hal_gpio.o
                0x08002924                HAL_GPIO_WritePin
 *fill*         0x08002956        0x2 
 .text.HAL_RCC_OscConfig
                0x08002958      0x4b4 Drivers/STM32F4xx_HAL_Driver/Src/stm32f4xx_hal_rcc.o
                0x08002958                HAL_RCC_OscConfig
 .text.HAL_RCC_ClockConfig
                0x08002e0c      0x224 Drivers/STM32F4xx_HAL_Driver/Src/stm32f4xx_hal_rcc.o
                0x08002e0c                HAL_RCC_ClockConfig
 .text.HAL_RCC_GetSysClockFreq
                0x08003030       0xfc Drivers/STM32F4xx_HAL_Driver/Src/stm32f4xx_hal_rcc.o
                0x08003030                HAL_RCC_GetSysClockFreq
 .text.HAL_RCC_GetHCLKFreq
                0x0800312c       0x18 Drivers/STM32F4xx_HAL_Driver/Src/stm32f4xx_hal_rcc.o
                0x0800312c                HAL_RCC_GetHCLKFreq
 .text.HAL_RCC_GetPCLK1Freq
                0x08003144       0x44 Drivers/STM32F4xx_HAL_Driver/Src/stm32f4xx_hal_rcc.o
                0x08003144                HAL_RCC_GetPCLK1Freq
 .text.HAL_RCC_GetPCLK2Freq
                0x08003188       0x44 Drivers/STM32F4xx_HAL_Driver/Src/stm32f4xx_hal_rcc.o
                0x08003188                HAL_RCC_GetPCLK2Freq
 .text.HAL_SPI_Init
                0x080031cc       0xc6 Drivers/STM32F4xx_HAL_Driver/Src/stm32f4xx_hal_spi.o
                0x080031cc                HAL_SPI_Init
 .text.HAL_SPI_TransmitReceive
                0x08003292      0x33e Drivers/STM32F4xx_HAL_Driver/Src/stm32f4xx_hal_spi.o
                0x08003292                HAL_SPI_TransmitReceive
 .text.SPI_WaitFlagStateUntilTimeout
                0x080035d0       0xd2 Drivers/STM32F4xx_HAL_Driver/Src/stm32f4xx_hal_spi.o
 .text.SPI_CheckFlag_BSY
                0x080036a2       0x3c Drivers/STM32F4xx_HAL_Driver/Src/stm32f4xx_hal_spi.o
 .text.HAL_SRAM_Init
                0x080036de       0x88 Drivers/STM32F4xx_HAL_Driver/Src/stm32f4xx_hal_sram.o
                0x080036de                HAL_SRAM_Init
 .text.HAL_SRAM_Read_16b
                0x08003766       0x72 Drivers/STM32F4xx_HAL_Driver/Src/stm32f4xx_hal_sram.o
                0x08003766                HAL_SRAM_Read_16b
 .text.HAL_SRAM_Write_16b
                0x080037d8       0x80 Drivers/STM32F4xx_HAL_Driver/Src/stm32f4xx_hal_sram.o
                0x080037d8                HAL_SRAM_Write_16b
 .text.HAL_UART_Init
                0x08003858       0x9a Drivers/STM32F4xx_HAL_Driver/Src/stm32f4xx_hal_uart.o
                0x08003858                HAL_UART_Init
 *fill*         0x080038f2        0x2 
 .text.HAL_UART_IRQHandler
                0x080038f4      0x1f8 Drivers/STM32F4xx_HAL_Driver/Src/stm32f4xx_hal_uart.o
                0x080038f4                HAL_UART_IRQHandler
 .text.HAL_UART_TxCpltCallback
                0x08003aec       0x14 Drivers/STM32F4xx_HAL_Driver/Src/stm32f4xx_hal_uart.o
                0x08003aec                HAL_UART_TxCpltCallback
 .text.HAL_UART_RxCpltCallback
                0x08003b00       0x14 Drivers/STM32F4xx_HAL_Driver/Src/stm32f4xx_hal_uart.o
                0x08003b00                HAL_UART_RxCpltCallback
 .text.HAL_UART_ErrorCallback
                0x08003b14       0x14 Drivers/STM32F4xx_HAL_Driver/Src/stm32f4xx_hal_uart.o
                0x08003b14                HAL_UART_ErrorCallback
 .text.UART_EndRxTransfer
                0x08003b28       0x3c Drivers/STM32F4xx_HAL_Driver/Src/stm32f4xx_hal_uart.o
 .text.UART_DMAAbortOnError
                0x08003b64       0x28 Drivers/STM32F4xx_HAL_Driver/Src/stm32f4xx_hal_uart.o
 .text.UART_Transmit_IT
                0x08003b8c       0xaa Drivers/STM32F4xx_HAL_Driver/Src/stm32f4xx_hal_uart.o
 .text.UART_EndTransmit_IT
                0x08003c36       0x30 Drivers/STM32F4xx_HAL_Driver/Src/stm32f4xx_hal_uart.o
 .text.UART_Receive_IT
                0x08003c66       0xf2 Drivers/STM32F4xx_HAL_Driver/Src/stm32f4xx_hal_uart.o
 .text.UART_SetConfig
                0x08003d58      0x438 Drivers/STM32F4xx_HAL_Driver/Src/stm32f4xx_hal_uart.o
 .text.FSMC_NORSRAM_Init
                0x08004190       0xa4 Drivers/STM32F4xx_HAL_Driver/Src/stm32f4xx_ll_fsmc.o
                0x08004190                FSMC_NORSRAM_Init
 .text.FSMC_NORSRAM_Timing_Init
                0x08004234       0x7a Drivers/STM32F4xx_HAL_Driver/Src/stm32f4xx_ll_fsmc.o
                0x08004234                FSMC_NORSRAM_Timing_Init
 *fill*         0x080042ae        0x2 
 .text.FSMC_NORSRAM_Extended_Timing_Init
                0x080042b0       0x80 Drivers/STM32F4xx_HAL_Driver/Src/stm32f4xx_ll_fsmc.o
                0x080042b0                FSMC_NORSRAM_Extended_Timing_Init
 .text.GUI_X_Config
                0x08004330       0x20 Drivers/STemWin/Config/GUIConf.o
                0x08004330                GUI_X_Config
 .text.LcdWriteReg
                0x08004350       0x24 Drivers/STemWin/Config/LCDConf.o
                0x08004350                LcdWriteReg
 .text.LcdWriteData
                0x08004374       0x28 Drivers/STemWin/Config/LCDConf.o
                0x08004374                LcdWriteData
 .text.LcdWriteDataMultiple
                0x0800439c       0x34 Drivers/STemWin/Config/LCDConf.o
 .text.LcdReadDataMultiple
                0x080043d0       0x34 Drivers/STemWin/Config/LCDConf.o
 .text.LCD_X_Config
                0x08004404      0x150 Drivers/STemWin/Config/LCDConf.o
                0x08004404                LCD_X_Config
 .text.LCD_X_DisplayDriver
                0x08004554       0x2a Drivers/STemWin/Config/LCDConf.o
                0x08004554                LCD_X_DisplayDriver
 *fill*         0x0800457e        0x2 
 .text.InitLCD_SSD1289
                0x08004580      0x120 Drivers/STemWin/Config/LCD_STM32F4.o
                0x08004580                InitLCD_SSD1289
 .text.Write_Command
                0x080046a0       0x3c Drivers/STemWin/Config/LCD_STM32F4.o
                0x080046a0                Write_Command
 .text.Write_CD
                0x080046dc       0x24 Drivers/STemWin/Config/LCD_STM32F4.o
                0x080046dc                Write_CD
 .text.GUI_TOUCH_X_MeasureX
                0x08004700       0x38 Drivers/STemWin/Config/ts.o
                0x08004700                GUI_TOUCH_X_MeasureX
 .text.GUI_TOUCH_X_MeasureY
                0x08004738       0x38 Drivers/STemWin/Config/ts.o
                0x08004738                GUI_TOUCH_X_MeasureY
 .text.SPI_RW_Byte
                0x08004770       0x30 Drivers/STemWin/Config/ts.o
                0x08004770                SPI_RW_Byte
 .text.SPI_Delay
                0x080047a0       0x28 Drivers/STemWin/Config/ts.o
                0x080047a0                SPI_Delay
 .text.TPReadY  0x080047c8       0x54 Drivers/STemWin/Config/ts.o
                0x080047c8                TPReadY
 .text.TPReadX  0x0800481c       0x54 Drivers/STemWin/Config/ts.o
                0x0800481c                TPReadX
 .text.Convert_Pos
                0x08004870       0xcc Drivers/STemWin/Config/ts.o
                0x08004870                Convert_Pos
 .text.GUI_X_GetTime
                0x0800493c       0x18 Drivers/STemWin/OS/GUI_X.o
                0x0800493c                GUI_X_GetTime
 .text.GUI_X_Delay
                0x08004954       0x30 Drivers/STemWin/OS/GUI_X.o
                0x08004954                GUI_X_Delay
 .text.GUI_X_Init
                0x08004984        0xe Drivers/STemWin/OS/GUI_X.o
                0x08004984                GUI_X_Init
 *fill*         0x08004992        0x6 
 .text.main     0x08004998      0x170 Src/main.o
                0x08004998                main
 .text.SystemClock_Config
                0x08004b08       0xec Src/main.o
                0x08004b08                SystemClock_Config
 .text.MX_ADC1_Init
                0x08004bf4       0xa4 Src/main.o
 .text.MX_ADC3_Init
                0x08004c98       0xa4 Src/main.o
 .text.MX_CRC_Init
                0x08004d3c       0x30 Src/main.o
 .text.MX_SPI2_Init
                0x08004d6c       0x78 Src/main.o
 .text.MX_USART2_UART_Init
                0x08004de4       0x5c Src/main.o
 .text.MX_DMA_Init
                0x08004e40       0x40 Src/main.o
 .text.MX_GPIO_Init
                0x08004e80      0x150 Src/main.o
 .text.MX_FSMC_Init
                0x08004fd0       0xd8 Src/main.o
 .text._Error_Handler
                0x080050a8        0xc Src/main.o
                0x080050a8                _Error_Handler
 .text.HAL_MspInit
                0x080050b4       0x62 Src/stm32f4xx_hal_msp.o
                0x080050b4                HAL_MspInit
 *fill*         0x08005116        0x2 
 .text.HAL_ADC_MspInit
                0x08005118       0xf8 Src/stm32f4xx_hal_msp.o
                0x08005118                HAL_ADC_MspInit
 .text.HAL_CRC_MspInit
                0x08005210       0x44 Src/stm32f4xx_hal_msp.o
                0x08005210                HAL_CRC_MspInit
 .text.HAL_SPI_MspInit
                0x08005254       0x64 Src/stm32f4xx_hal_msp.o
                0x08005254                HAL_SPI_MspInit
 .text.HAL_UART_MspInit
                0x080052b8       0x74 Src/stm32f4xx_hal_msp.o
                0x080052b8                HAL_UART_MspInit
 .text.HAL_FSMC_MspInit
                0x0800532c       0x8c Src/stm32f4xx_hal_msp.o
 .text.HAL_SRAM_MspInit
                0x080053b8       0x14 Src/stm32f4xx_hal_msp.o
                0x080053b8                HAL_SRAM_MspInit
 .text.DebugMon_Handler
                0x080053cc        0xe Src/stm32f4xx_it.o
                0x080053cc                DebugMon_Handler
 *fill*         0x080053da        0x2 
 .text.SysTick_Handler
                0x080053dc       0x40 Src/stm32f4xx_it.o
                0x080053dc                SysTick_Handler
 .text.USART2_IRQHandler
                0x0800541c       0x14 Src/stm32f4xx_it.o
                0x0800541c                USART2_IRQHandler
 .text.DMA2_Stream0_IRQHandler
                0x08005430       0x14 Src/stm32f4xx_it.o
                0x08005430                DMA2_Stream0_IRQHandler
 .text.SystemInit
                0x08005444       0x6c Src/system_stm32f4xx.o
                0x08005444                SystemInit
 .text.Reset_Handler
                0x080054b0       0x50 startup/startup_stm32f407xx.o
                0x080054b0                Reset_Handler
 .text.Default_Handler
                0x08005500        0x2 startup/startup_stm32f407xx.o
                0x08005500                RTC_Alarm_IRQHandler
                0x08005500                HASH_RNG_IRQHandler
                0x08005500                EXTI2_IRQHandler
                0x08005500                TIM8_CC_IRQHandler
                0x08005500                TIM1_CC_IRQHandler
                0x08005500                DMA2_Stream5_IRQHandler
                0x08005500                HardFault_Handler
                0x08005500                DMA1_Stream5_IRQHandler
                0x08005500                PVD_IRQHandler
                0x08005500                SDIO_IRQHandler
                0x08005500                TAMP_STAMP_IRQHandler
                0x08005500                PendSV_Handler
                0x08005500                NMI_Handler
                0x08005500                CAN2_RX1_IRQHandler
                0x08005500                EXTI3_IRQHandler
                0x08005500                TIM8_TRG_COM_TIM14_IRQHandler
                0x08005500                TIM1_UP_TIM10_IRQHandler
                0x08005500                TIM8_UP_TIM13_IRQHandler
                0x08005500                I2C3_ER_IRQHandler
                0x08005500                EXTI0_IRQHandler
                0x08005500                I2C2_EV_IRQHandler
                0x08005500                DMA1_Stream2_IRQHandler
                0x08005500                CAN1_RX0_IRQHandler
                0x08005500                FPU_IRQHandler
                0x08005500                OTG_HS_WKUP_IRQHandler
                0x08005500                UsageFault_Handler
                0x08005500                CAN2_SCE_IRQHandler
                0x08005500                DMA2_Stream2_IRQHandler
                0x08005500                SPI1_IRQHandler
                0x08005500                TIM6_DAC_IRQHandler
                0x08005500                TIM1_BRK_TIM9_IRQHandler
                0x08005500                DCMI_IRQHandler
                0x08005500                CAN2_RX0_IRQHandler
                0x08005500                DMA2_Stream3_IRQHandler
                0x08005500                USART6_IRQHandler
                0x08005500                USART3_IRQHandler
                0x08005500                CAN1_RX1_IRQHandler
                0x08005500                UART5_IRQHandler
                0x08005500                TIM4_IRQHandler
                0x08005500                I2C1_EV_IRQHandler
                0x08005500                DMA1_Stream6_IRQHandler
                0x08005500                DMA1_Stream1_IRQHandler
                0x08005500                UART4_IRQHandler
                0x08005500                TIM3_IRQHandler
                0x08005500                RCC_IRQHandler
                0x08005500                TIM8_BRK_TIM12_IRQHandler
                0x08005500                Default_Handler
                0x08005500                EXTI15_10_IRQHandler
                0x08005500                ADC_IRQHandler
                0x08005500                DMA1_Stream7_IRQHandler
                0x08005500                TIM7_IRQHandler
                0x08005500                CAN2_TX_IRQHandler
                0x08005500                TIM5_IRQHandler
                0x08005500                DMA2_Stream7_IRQHandler
                0x08005500                I2C3_EV_IRQHandler
                0x08005500                EXTI9_5_IRQHandler
                0x08005500                RTC_WKUP_IRQHandler
                0x08005500                ETH_WKUP_IRQHandler
                0x08005500                SPI2_IRQHandler
                0x08005500                OTG_HS_EP1_IN_IRQHandler
                0x08005500                MemManage_Handler
                0x08005500                DMA1_Stream0_IRQHandler
                0x08005500                CAN1_TX_IRQHandler
                0x08005500                SVC_Handler
                0x08005500                EXTI4_IRQHandler
                0x08005500                FSMC_IRQHandler
                0x08005500                ETH_IRQHandler
                0x08005500                OTG_HS_EP1_OUT_IRQHandler
                0x08005500                WWDG_IRQHandler
                0x08005500                TIM2_IRQHandler
                0x08005500                OTG_FS_WKUP_IRQHandler
                0x08005500                TIM1_TRG_COM_TIM11_IRQHandler
                0x08005500                OTG_HS_IRQHandler
                0x08005500                EXTI1_IRQHandler
                0x08005500                I2C2_ER_IRQHandler
                0x08005500                DMA2_Stream1_IRQHandler
                0x08005500                CAN1_SCE_IRQHandler
                0x08005500                FLASH_IRQHandler
                0x08005500                DMA2_Stream4_IRQHandler
                0x08005500                BusFault_Handler
                0x08005500                USART1_IRQHandler
                0x08005500                OTG_FS_IRQHandler
                0x08005500                SPI3_IRQHandler
                0x08005500                DMA1_Stream4_IRQHandler
                0x08005500                I2C1_ER_IRQHandler
                0x08005500                DMA2_Stream6_IRQHandler
                0x08005500                DMA1_Stream3_IRQHandler
 *fill*         0x08005502        0x2 
 .text.PROGBAR_DrawSkinFlex
                0x08005504      0x168 C:\Users\twizz\OneDrive\Documents\GitHub\TFTDisplay\Drivers\STemWin\lib\libSTemWin532_CM4_GCC.a(PROGBAR_SkinFlex.o)
                0x08005504                PROGBAR_DrawSkinFlex
 .text._Create  0x0800566c       0x2c C:\Users\twizz\OneDrive\Documents\GitHub\TFTDisplay\Drivers\STemWin\lib\libSTemWin532_CM4_GCC.a(PROGBAR_Skin.o)
 .text._Paint   0x08005698      0x13c C:\Users\twizz\OneDrive\Documents\GitHub\TFTDisplay\Drivers\STemWin\lib\libSTemWin532_CM4_GCC.a(PROGBAR_Skin.o)
 .text.PROGBAR_SetDefaultSkin
                0x080057d4       0x1c C:\Users\twizz\OneDrive\Documents\GitHub\TFTDisplay\Drivers\STemWin\lib\libSTemWin532_CM4_GCC.a(PROGBAR_Skin.o)
                0x080057d4                PROGBAR_SetDefaultSkin
 .text.PROGBAR_SetText
                0x080057f0       0xa8 C:\Users\twizz\OneDrive\Documents\GitHub\TFTDisplay\Drivers\STemWin\lib\libSTemWin532_CM4_GCC.a(PROGBAR_SetText.o)
                0x080057f0                PROGBAR_SetText
 .text.PROGBAR_SetMinMax
                0x08005898       0x34 C:\Users\twizz\OneDrive\Documents\GitHub\TFTDisplay\Drivers\STemWin\lib\libSTemWin532_CM4_GCC.a(PROGBAR_SetMinMax.o)
                0x08005898                PROGBAR_SetMinMax
 .text.PROGBAR_SetFont
                0x080058cc       0x24 C:\Users\twizz\OneDrive\Documents\GitHub\TFTDisplay\Drivers\STemWin\lib\libSTemWin532_CM4_GCC.a(PROGBAR_SetFont.o)
                0x080058cc                PROGBAR_SetFont
 .text.PROGBAR_Callback
                0x080058f0       0x5a C:\Users\twizz\OneDrive\Documents\GitHub\TFTDisplay\Drivers\STemWin\lib\libSTemWin532_CM4_GCC.a(PROGBAR.o)
                0x080058f0                PROGBAR_Callback
 .text._SetValue
                0x0800594a       0x34 C:\Users\twizz\OneDrive\Documents\GitHub\TFTDisplay\Drivers\STemWin\lib\libSTemWin532_CM4_GCC.a(PROGBAR.o)
 .text.PROGBAR__GetTextLocked
                0x0800597e        0x6 C:\Users\twizz\OneDrive\Documents\GitHub\TFTDisplay\Drivers\STemWin\lib\libSTemWin532_CM4_GCC.a(PROGBAR.o)
                0x0800597e                PROGBAR__GetTextLocked
 .text.PROGBAR__GetTextRect
                0x08005984       0x88 C:\Users\twizz\OneDrive\Documents\GitHub\TFTDisplay\Drivers\STemWin\lib\libSTemWin532_CM4_GCC.a(PROGBAR.o)
                0x08005984                PROGBAR__GetTextRect
 .text.PROGBAR__Value2Pos
                0x08005a0c       0x4c C:\Users\twizz\OneDrive\Documents\GitHub\TFTDisplay\Drivers\STemWin\lib\libSTemWin532_CM4_GCC.a(PROGBAR.o)
                0x08005a0c                PROGBAR__Value2Pos
 .text.PROGBAR_CreateUser
                0x08005a58       0xbc C:\Users\twizz\OneDrive\Documents\GitHub\TFTDisplay\Drivers\STemWin\lib\libSTemWin532_CM4_GCC.a(PROGBAR.o)
                0x08005a58                PROGBAR_CreateUser
 .text.PROGBAR_CreateEx
                0x08005b14       0x20 C:\Users\twizz\OneDrive\Documents\GitHub\TFTDisplay\Drivers\STemWin\lib\libSTemWin532_CM4_GCC.a(PROGBAR.o)
                0x08005b14                PROGBAR_CreateEx
 .text.PROGBAR_SetValue
                0x08005b34      0x156 C:\Users\twizz\OneDrive\Documents\GitHub\TFTDisplay\Drivers\STemWin\lib\libSTemWin532_CM4_GCC.a(PROGBAR.o)
                0x08005b34                PROGBAR_SetValue
 *fill*         0x08005c8a        0x2 
 .text.WM_SetUserClipRect
                0x08005c8c       0x18 C:\Users\twizz\OneDrive\Documents\GitHub\TFTDisplay\Drivers\STemWin\lib\libSTemWin532_CM4_GCC.a(WM_SetUserClipRect.o)
                0x08005c8c                WM_SetUserClipRect
 .text.WM__GetClientRectEx
                0x08005ca4       0x22 C:\Users\twizz\OneDrive\Documents\GitHub\TFTDisplay\Drivers\STemWin\lib\libSTemWin532_CM4_GCC.a(WM_GetClientRect.o)
                0x08005ca4                WM__GetClientRectEx
 .text.WM_GetClientRectEx
                0x08005cc6        0x4 C:\Users\twizz\OneDrive\Documents\GitHub\TFTDisplay\Drivers\STemWin\lib\libSTemWin532_CM4_GCC.a(WM_GetClientRect.o)
                0x08005cc6                WM_GetClientRectEx
 *fill*         0x08005cca        0x2 
 .text.WM_GetClientRect
                0x08005ccc       0x1c C:\Users\twizz\OneDrive\Documents\GitHub\TFTDisplay\Drivers\STemWin\lib\libSTemWin532_CM4_GCC.a(WM_GetClientRect.o)
                0x08005ccc                WM_GetClientRect
 .text._OnExit  0x08005ce8       0x50 C:\Users\twizz\OneDrive\Documents\GitHub\TFTDisplay\Drivers\STemWin\lib\libSTemWin532_CM4_GCC.a(WM.o)
 .text._Paint1  0x08005d38       0x24 C:\Users\twizz\OneDrive\Documents\GitHub\TFTDisplay\Drivers\STemWin\lib\libSTemWin532_CM4_GCC.a(WM.o)
 .text._Findy1  0x08005d5c       0xac C:\Users\twizz\OneDrive\Documents\GitHub\TFTDisplay\Drivers\STemWin\lib\libSTemWin532_CM4_GCC.a(WM.o)
 .text._Findx0  0x08005e08       0x88 C:\Users\twizz\OneDrive\Documents\GitHub\TFTDisplay\Drivers\STemWin\lib\libSTemWin532_CM4_GCC.a(WM.o)
 .text._Findx1  0x08005e90       0x76 C:\Users\twizz\OneDrive\Documents\GitHub\TFTDisplay\Drivers\STemWin\lib\libSTemWin532_CM4_GCC.a(WM.o)
 *fill*         0x08005f06        0x2 
 .text._Paint1Trans
                0x08005f08       0x94 C:\Users\twizz\OneDrive\Documents\GitHub\TFTDisplay\Drivers\STemWin\lib\libSTemWin532_CM4_GCC.a(WM.o)
 .text._PaintTransChildren
                0x08005f9c       0xb6 C:\Users\twizz\OneDrive\Documents\GitHub\TFTDisplay\Drivers\STemWin\lib\libSTemWin532_CM4_GCC.a(WM.o)
 *fill*         0x08006052        0x2 
 .text.WM__PaintWinAndOverlays
                0x08006054       0x78 C:\Users\twizz\OneDrive\Documents\GitHub\TFTDisplay\Drivers\STemWin\lib\libSTemWin532_CM4_GCC.a(WM.o)
 .text._cbPaintMemDev
                0x080060cc       0x68 C:\Users\twizz\OneDrive\Documents\GitHub\TFTDisplay\Drivers\STemWin\lib\libSTemWin532_CM4_GCC.a(WM.o)
 .text.WM__ClipAtParentBorders
                0x08006134       0x5c C:\Users\twizz\OneDrive\Documents\GitHub\TFTDisplay\Drivers\STemWin\lib\libSTemWin532_CM4_GCC.a(WM.o)
                0x08006134                WM__ClipAtParentBorders
 .text.WM__InsertWindowIntoList
                0x08006190       0xa4 C:\Users\twizz\OneDrive\Documents\GitHub\TFTDisplay\Drivers\STemWin\lib\libSTemWin532_CM4_GCC.a(WM.o)
                0x08006190                WM__InsertWindowIntoList
 .text.WM__RemoveWindowFromList
                0x08006234       0x3c C:\Users\twizz\OneDrive\Documents\GitHub\TFTDisplay\Drivers\STemWin\lib\libSTemWin532_CM4_GCC.a(WM.o)
                0x08006234                WM__RemoveWindowFromList
 .text.WM__Client2Screen
                0x08006270       0x10 C:\Users\twizz\OneDrive\Documents\GitHub\TFTDisplay\Drivers\STemWin\lib\libSTemWin532_CM4_GCC.a(WM.o)
                0x08006270                WM__Client2Screen
 .text._SetClipRectUserIntersect
                0x08006280       0x50 C:\Users\twizz\OneDrive\Documents\GitHub\TFTDisplay\Drivers\STemWin\lib\libSTemWin532_CM4_GCC.a(WM.o)
 .text.WM__ActivateClipRect
                0x080062d0       0x48 C:\Users\twizz\OneDrive\Documents\GitHub\TFTDisplay\Drivers\STemWin\lib\libSTemWin532_CM4_GCC.a(WM.o)
                0x080062d0                WM__ActivateClipRect
 .text.WM__IsWindow
                0x08006318       0x20 C:\Users\twizz\OneDrive\Documents\GitHub\TFTDisplay\Drivers\STemWin\lib\libSTemWin532_CM4_GCC.a(WM.o)
                0x08006318                WM__IsWindow
 .text.WM__InvalidateDrawAndDescs
                0x08006338       0x50 C:\Users\twizz\OneDrive\Documents\GitHub\TFTDisplay\Drivers\STemWin\lib\libSTemWin532_CM4_GCC.a(WM.o)
                0x08006338                WM__InvalidateDrawAndDescs
 .text.WM__RectIsNZ
                0x08006388       0x22 C:\Users\twizz\OneDrive\Documents\GitHub\TFTDisplay\Drivers\STemWin\lib\libSTemWin532_CM4_GCC.a(WM.o)
                0x08006388                WM__RectIsNZ
 *fill*         0x080063aa        0x2 
 .text._Invalidate1Abs
                0x080063ac       0x88 C:\Users\twizz\OneDrive\Documents\GitHub\TFTDisplay\Drivers\STemWin\lib\libSTemWin532_CM4_GCC.a(WM.o)
 .text.WM__Invalidate1Abs
                0x08006434        0x6 C:\Users\twizz\OneDrive\Documents\GitHub\TFTDisplay\Drivers\STemWin\lib\libSTemWin532_CM4_GCC.a(WM.o)
                0x08006434                WM__Invalidate1Abs
 .text.WM_InvalidateWindowAndDescsEx
                0x0800643a       0x64 C:\Users\twizz\OneDrive\Documents\GitHub\TFTDisplay\Drivers\STemWin\lib\libSTemWin532_CM4_GCC.a(WM.o)
                0x0800643a                WM_InvalidateWindowAndDescsEx
 .text.WM__InvalidateRect
                0x0800649e       0x78 C:\Users\twizz\OneDrive\Documents\GitHub\TFTDisplay\Drivers\STemWin\lib\libSTemWin532_CM4_GCC.a(WM.o)
                0x0800649e                WM__InvalidateRect
 .text.WM__InvalidateParent
                0x08006516       0x2a C:\Users\twizz\OneDrive\Documents\GitHub\TFTDisplay\Drivers\STemWin\lib\libSTemWin532_CM4_GCC.a(WM.o)
                0x08006516                WM__InvalidateParent
 .text.WM__InvalidateRectEx
                0x08006540        0x6 C:\Users\twizz\OneDrive\Documents\GitHub\TFTDisplay\Drivers\STemWin\lib\libSTemWin532_CM4_GCC.a(WM.o)
                0x08006540                WM__InvalidateRectEx
 .text.WM__DetachWindow
                0x08006546       0x2a C:\Users\twizz\OneDrive\Documents\GitHub\TFTDisplay\Drivers\STemWin\lib\libSTemWin532_CM4_GCC.a(WM.o)
                0x08006546                WM__DetachWindow
 .text.WM_SendMessage
                0x08006570        0x8 C:\Users\twizz\OneDrive\Documents\GitHub\TFTDisplay\Drivers\STemWin\lib\libSTemWin532_CM4_GCC.a(WM.o)
                0x08006570                WM_SendMessage
 .text.WM__SendMsgNoData
                0x08006578       0x16 C:\Users\twizz\OneDrive\Documents\GitHub\TFTDisplay\Drivers\STemWin\lib\libSTemWin532_CM4_GCC.a(WM.o)
                0x08006578                WM__SendMsgNoData
 .text.WM__GetClientRectWin
                0x0800658e       0x18 C:\Users\twizz\OneDrive\Documents\GitHub\TFTDisplay\Drivers\STemWin\lib\libSTemWin532_CM4_GCC.a(WM.o)
                0x0800658e                WM__GetClientRectWin
 .text.WM_InvalidateRect
                0x080065a6       0x78 C:\Users\twizz\OneDrive\Documents\GitHub\TFTDisplay\Drivers\STemWin\lib\libSTemWin532_CM4_GCC.a(WM.o)
                0x080065a6                WM_InvalidateRect
 .text.WM_InvalidateWindow
                0x0800661e        0x6 C:\Users\twizz\OneDrive\Documents\GitHub\TFTDisplay\Drivers\STemWin\lib\libSTemWin532_CM4_GCC.a(WM.o)
                0x0800661e                WM_InvalidateWindow
 .text.WM__GetTopLevelLayer
                0x08006624       0x28 C:\Users\twizz\OneDrive\Documents\GitHub\TFTDisplay\Drivers\STemWin\lib\libSTemWin532_CM4_GCC.a(WM.o)
                0x08006624                WM__GetTopLevelLayer
 .text.WM__SelectTopLevelLayer
                0x0800664c       0x14 C:\Users\twizz\OneDrive\Documents\GitHub\TFTDisplay\Drivers\STemWin\lib\libSTemWin532_CM4_GCC.a(WM.o)
                0x0800664c                WM__SelectTopLevelLayer
 .text.WM_SelectWindow
                0x08006660       0x40 C:\Users\twizz\OneDrive\Documents\GitHub\TFTDisplay\Drivers\STemWin\lib\libSTemWin532_CM4_GCC.a(WM.o)
                0x08006660                WM_SelectWindow
 .text.WM_CreateWindowAsChild
                0x080066a0      0x154 C:\Users\twizz\OneDrive\Documents\GitHub\TFTDisplay\Drivers\STemWin\lib\libSTemWin532_CM4_GCC.a(WM.o)
                0x080066a0                WM_CreateWindowAsChild
 .text.WM_DeleteWindow
                0x080067f4      0x114 C:\Users\twizz\OneDrive\Documents\GitHub\TFTDisplay\Drivers\STemWin\lib\libSTemWin532_CM4_GCC.a(WM.o)
                0x080067f4                WM_DeleteWindow
 .text.WM__GetNextIVR
                0x08006908      0x184 C:\Users\twizz\OneDrive\Documents\GitHub\TFTDisplay\Drivers\STemWin\lib\libSTemWin532_CM4_GCC.a(WM.o)
                0x08006908                WM__GetNextIVR
 .text.WM__InitIVRSearch
                0x08006a8c       0xfc C:\Users\twizz\OneDrive\Documents\GitHub\TFTDisplay\Drivers\STemWin\lib\libSTemWin532_CM4_GCC.a(WM.o)
                0x08006a8c                WM__InitIVRSearch
 .text.WM_SetDefault
                0x08006b88       0x14 C:\Users\twizz\OneDrive\Documents\GitHub\TFTDisplay\Drivers\STemWin\lib\libSTemWin532_CM4_GCC.a(WM.o)
                0x08006b88                WM_SetDefault
 .text.WM__Paint1
                0x08006b9c       0x90 C:\Users\twizz\OneDrive\Documents\GitHub\TFTDisplay\Drivers\STemWin\lib\libSTemWin532_CM4_GCC.a(WM.o)
                0x08006b9c                WM__Paint1
 .text.WM__Paint
                0x08006c2c       0xac C:\Users\twizz\OneDrive\Documents\GitHub\TFTDisplay\Drivers\STemWin\lib\libSTemWin532_CM4_GCC.a(WM.o)
                0x08006c2c                WM__Paint
 .text.WM_Exec  0x08006cd8      0x15c C:\Users\twizz\OneDrive\Documents\GitHub\TFTDisplay\Drivers\STemWin\lib\libSTemWin532_CM4_GCC.a(WM.o)
                0x08006cd8                WM_Exec
 .text.WM_Activate
                0x08006e34       0x10 C:\Users\twizz\OneDrive\Documents\GitHub\TFTDisplay\Drivers\STemWin\lib\libSTemWin532_CM4_GCC.a(WM.o)
                0x08006e34                WM_Activate
 .text.WM_Deactivate
                0x08006e44       0x14 C:\Users\twizz\OneDrive\Documents\GitHub\TFTDisplay\Drivers\STemWin\lib\libSTemWin532_CM4_GCC.a(WM.o)
                0x08006e44                WM_Deactivate
 .text.WM_DefaultProc
                0x08006e58       0x48 C:\Users\twizz\OneDrive\Documents\GitHub\TFTDisplay\Drivers\STemWin\lib\libSTemWin532_CM4_GCC.a(WM.o)
                0x08006e58                WM_DefaultProc
 .text._cbBackWin
                0x08006ea0       0x68 C:\Users\twizz\OneDrive\Documents\GitHub\TFTDisplay\Drivers\STemWin\lib\libSTemWin532_CM4_GCC.a(WM.o)
 .text.WM_Init  0x08006f08       0xf4 C:\Users\twizz\OneDrive\Documents\GitHub\TFTDisplay\Drivers\STemWin\lib\libSTemWin532_CM4_GCC.a(WM.o)
                0x08006f08                WM_Init
 .text.GUITDRV_ADS7846_Config
                0x08006ffc      0x110 C:\Users\twizz\OneDrive\Documents\GitHub\TFTDisplay\Drivers\STemWin\lib\libSTemWin532_CM4_GCC.a(GUITDRV_ADS7846.o)
                0x08006ffc                GUITDRV_ADS7846_Config
 .text._CreateStaticDevice
                0x0800710c      0x170 C:\Users\twizz\OneDrive\Documents\GitHub\TFTDisplay\Drivers\STemWin\lib\libSTemWin532_CM4_GCC.a(GUIDEV_StaticDevices.o)
 .text.GUI_MEMDEV_Paint1Static
                0x0800727c       0x1c C:\Users\twizz\OneDrive\Documents\GitHub\TFTDisplay\Drivers\STemWin\lib\libSTemWin532_CM4_GCC.a(GUIDEV_StaticDevices.o)
                0x0800727c                GUI_MEMDEV_Paint1Static
 .text.GUI_MEMDEV_SetOrg
                0x08007298       0x54 C:\Users\twizz\OneDrive\Documents\GitHub\TFTDisplay\Drivers\STemWin\lib\libSTemWin532_CM4_GCC.a(GUIDEV_SetOrg.o)
                0x08007298                GUI_MEMDEV_SetOrg
 .text.GUI_MEMDEV_GetYSize
                0x080072ec       0x2c C:\Users\twizz\OneDrive\Documents\GitHub\TFTDisplay\Drivers\STemWin\lib\libSTemWin532_CM4_GCC.a(GUIDEV_GetYSize.o)
                0x080072ec                GUI_MEMDEV_GetYSize
 .text.GUI_MEMDEV_GetDataPtr
                0x08007318       0x1e C:\Users\twizz\OneDrive\Documents\GitHub\TFTDisplay\Drivers\STemWin\lib\libSTemWin532_CM4_GCC.a(GUIDEV_GetDataPtr.o)
                0x08007318                GUI_MEMDEV_GetDataPtr
 *fill*         0x08007336        0x2 
 .text.GUI_MEMDEV_Draw
                0x08007338      0x150 C:\Users\twizz\OneDrive\Documents\GitHub\TFTDisplay\Drivers\STemWin\lib\libSTemWin532_CM4_GCC.a(GUIDEV_Banding.o)
                0x08007338                GUI_MEMDEV_Draw
 .text._GetDevData
                0x08007488       0x10 C:\Users\twizz\OneDrive\Documents\GitHub\TFTDisplay\Drivers\STemWin\lib\libSTemWin532_CM4_GCC.a(GUIDEV_32.o)
 .text._GetDevFunc
                0x08007498       0x10 C:\Users\twizz\OneDrive\Documents\GitHub\TFTDisplay\Drivers\STemWin\lib\libSTemWin532_CM4_GCC.a(GUIDEV_32.o)
 .text._GetDevProp
                0x080074a8        0xa C:\Users\twizz\OneDrive\Documents\GitHub\TFTDisplay\Drivers\STemWin\lib\libSTemWin532_CM4_GCC.a(GUIDEV_32.o)
 .text._SetOrg  0x080074b2        0xc C:\Users\twizz\OneDrive\Documents\GitHub\TFTDisplay\Drivers\STemWin\lib\libSTemWin532_CM4_GCC.a(GUIDEV_32.o)
 .text._GetRect
                0x080074be       0x32 C:\Users\twizz\OneDrive\Documents\GitHub\TFTDisplay\Drivers\STemWin\lib\libSTemWin532_CM4_GCC.a(GUIDEV_32.o)
 .text._XY2PTR  0x080074f0       0x40 C:\Users\twizz\OneDrive\Documents\GitHub\TFTDisplay\Drivers\STemWin\lib\libSTemWin532_CM4_GCC.a(GUIDEV_32.o)
 .text._GetPixelIndex
                0x08007530        0xe C:\Users\twizz\OneDrive\Documents\GitHub\TFTDisplay\Drivers\STemWin\lib\libSTemWin532_CM4_GCC.a(GUIDEV_32.o)
 *fill*         0x0800753e        0x2 
 .text._XorPixel
                0x08007540       0x5c C:\Users\twizz\OneDrive\Documents\GitHub\TFTDisplay\Drivers\STemWin\lib\libSTemWin532_CM4_GCC.a(GUIDEV_32.o)
 .text._SetPixelIndex
                0x0800759c       0x4c C:\Users\twizz\OneDrive\Documents\GitHub\TFTDisplay\Drivers\STemWin\lib\libSTemWin532_CM4_GCC.a(GUIDEV_32.o)
 .text._DrawVLine
                0x080075e8       0xbc C:\Users\twizz\OneDrive\Documents\GitHub\TFTDisplay\Drivers\STemWin\lib\libSTemWin532_CM4_GCC.a(GUIDEV_32.o)
 .text._FillRect
                0x080076a4       0xb8 C:\Users\twizz\OneDrive\Documents\GitHub\TFTDisplay\Drivers\STemWin\lib\libSTemWin532_CM4_GCC.a(GUIDEV_32.o)
 .text._DrawHLine
                0x0800775c        0xe C:\Users\twizz\OneDrive\Documents\GitHub\TFTDisplay\Drivers\STemWin\lib\libSTemWin532_CM4_GCC.a(GUIDEV_32.o)
 *fill*         0x0800776a        0x2 
 .text._DrawBitmap
                0x0800776c      0x738 C:\Users\twizz\OneDrive\Documents\GitHub\TFTDisplay\Drivers\STemWin\lib\libSTemWin532_CM4_GCC.a(GUIDEV_32.o)
 .text._GetDevData
                0x08007ea4       0x10 C:\Users\twizz\OneDrive\Documents\GitHub\TFTDisplay\Drivers\STemWin\lib\libSTemWin532_CM4_GCC.a(GUIDEV_16.o)
 .text._GetDevFunc
                0x08007eb4       0x10 C:\Users\twizz\OneDrive\Documents\GitHub\TFTDisplay\Drivers\STemWin\lib\libSTemWin532_CM4_GCC.a(GUIDEV_16.o)
 .text._SetOrg  0x08007ec4        0xe C:\Users\twizz\OneDrive\Documents\GitHub\TFTDisplay\Drivers\STemWin\lib\libSTemWin532_CM4_GCC.a(GUIDEV_16.o)
 .text._GetDevProp
                0x08007ed2       0x14 C:\Users\twizz\OneDrive\Documents\GitHub\TFTDisplay\Drivers\STemWin\lib\libSTemWin532_CM4_GCC.a(GUIDEV_16.o)
 .text._GetRect
                0x08007ee6       0x32 C:\Users\twizz\OneDrive\Documents\GitHub\TFTDisplay\Drivers\STemWin\lib\libSTemWin532_CM4_GCC.a(GUIDEV_16.o)
 .text._XY2PTR  0x08007f18       0x40 C:\Users\twizz\OneDrive\Documents\GitHub\TFTDisplay\Drivers\STemWin\lib\libSTemWin532_CM4_GCC.a(GUIDEV_16.o)
 .text._GetPixelIndex
                0x08007f58        0xe C:\Users\twizz\OneDrive\Documents\GitHub\TFTDisplay\Drivers\STemWin\lib\libSTemWin532_CM4_GCC.a(GUIDEV_16.o)
 *fill*         0x08007f66        0x2 
 .text._XorPixel
                0x08007f68       0x58 C:\Users\twizz\OneDrive\Documents\GitHub\TFTDisplay\Drivers\STemWin\lib\libSTemWin532_CM4_GCC.a(GUIDEV_16.o)
 .text._SetPixelIndex
                0x08007fc0       0x4c C:\Users\twizz\OneDrive\Documents\GitHub\TFTDisplay\Drivers\STemWin\lib\libSTemWin532_CM4_GCC.a(GUIDEV_16.o)
 .text._DrawVLine
                0x0800800c       0xbc C:\Users\twizz\OneDrive\Documents\GitHub\TFTDisplay\Drivers\STemWin\lib\libSTemWin532_CM4_GCC.a(GUIDEV_16.o)
 .text._FillRect
                0x080080c8       0xb4 C:\Users\twizz\OneDrive\Documents\GitHub\TFTDisplay\Drivers\STemWin\lib\libSTemWin532_CM4_GCC.a(GUIDEV_16.o)
 .text._DrawHLine
                0x0800817c        0xe C:\Users\twizz\OneDrive\Documents\GitHub\TFTDisplay\Drivers\STemWin\lib\libSTemWin532_CM4_GCC.a(GUIDEV_16.o)
 *fill*         0x0800818a        0x2 
 .text._DrawBitmap
                0x0800818c      0x6fc C:\Users\twizz\OneDrive\Documents\GitHub\TFTDisplay\Drivers\STemWin\lib\libSTemWin532_CM4_GCC.a(GUIDEV_16.o)
 .text.GUI_MEMDEV__WriteToActiveAt
                0x08008888       0x38 C:\Users\twizz\OneDrive\Documents\GitHub\TFTDisplay\Drivers\STemWin\lib\libSTemWin532_CM4_GCC.a(GUIDEV.o)
                0x08008888                GUI_MEMDEV__WriteToActiveAt
 .text.GUI_MEMDEV__CreateFixed
                0x080088c0      0x104 C:\Users\twizz\OneDrive\Documents\GitHub\TFTDisplay\Drivers\STemWin\lib\libSTemWin532_CM4_GCC.a(GUIDEV.o)
                0x080088c0                GUI_MEMDEV__CreateFixed
 .text.GUI_MEMDEV_GetBitsPerPixel
                0x080089c4       0x2a C:\Users\twizz\OneDrive\Documents\GitHub\TFTDisplay\Drivers\STemWin\lib\libSTemWin532_CM4_GCC.a(GUIDEV.o)
                0x080089c4                GUI_MEMDEV_GetBitsPerPixel
 *fill*         0x080089ee        0x2 
 .text.GUI_MEMDEV_Delete
                0x080089f0       0x44 C:\Users\twizz\OneDrive\Documents\GitHub\TFTDisplay\Drivers\STemWin\lib\libSTemWin532_CM4_GCC.a(GUIDEV.o)
                0x080089f0                GUI_MEMDEV_Delete
 .text.GUI_MEMDEV_CreateEx
                0x08008a34       0x78 C:\Users\twizz\OneDrive\Documents\GitHub\TFTDisplay\Drivers\STemWin\lib\libSTemWin532_CM4_GCC.a(GUIDEV.o)
                0x08008a34                GUI_MEMDEV_CreateEx
 .text.GUI_MEMDEV_Select
                0x08008aac       0x4c C:\Users\twizz\OneDrive\Documents\GitHub\TFTDisplay\Drivers\STemWin\lib\libSTemWin532_CM4_GCC.a(GUIDEV.o)
                0x08008aac                GUI_MEMDEV_Select
 .text.GUI_MEMDEV_CopyToLCDAt
                0x08008af8       0xa4 C:\Users\twizz\OneDrive\Documents\GitHub\TFTDisplay\Drivers\STemWin\lib\libSTemWin532_CM4_GCC.a(GUIDEV.o)
                0x08008af8                GUI_MEMDEV_CopyToLCDAt
 .text.GUI_MEMDEV_CopyToLCD
                0x08008b9c        0xc C:\Users\twizz\OneDrive\Documents\GitHub\TFTDisplay\Drivers\STemWin\lib\libSTemWin532_CM4_GCC.a(GUIDEV.o)
                0x08008b9c                GUI_MEMDEV_CopyToLCD
 .text._SetPhysRAMAddr
                0x08008ba8       0xa2 C:\Users\twizz\OneDrive\Documents\GitHub\TFTDisplay\Drivers\STemWin\lib\libSTemWin532_CM4_GCC.a(GUIDRV_FlexColor_Func66702.o)
 .text._SetRect
                0x08008c4a      0x16c C:\Users\twizz\OneDrive\Documents\GitHub\TFTDisplay\Drivers\STemWin\lib\libSTemWin532_CM4_GCC.a(GUIDRV_FlexColor_Func66702.o)
 *fill*         0x08008db6        0x2 
 .text._SetOrientation
                0x08008db8       0x40 C:\Users\twizz\OneDrive\Documents\GitHub\TFTDisplay\Drivers\STemWin\lib\libSTemWin532_CM4_GCC.a(GUIDRV_FlexColor_Func66702.o)
 .text._ReadPixel_16bpp_B8
                0x08008df8       0x24 C:\Users\twizz\OneDrive\Documents\GitHub\TFTDisplay\Drivers\STemWin\lib\libSTemWin532_CM4_GCC.a(GUIDRV_FlexColor_Func66702.o)
 .text._ReadRect_16bpp_B8
                0x08008e1c       0x4a C:\Users\twizz\OneDrive\Documents\GitHub\TFTDisplay\Drivers\STemWin\lib\libSTemWin532_CM4_GCC.a(GUIDRV_FlexColor_Func66702.o)
 .text._ReadPixel_16bpp_B16
                0x08008e66       0x20 C:\Users\twizz\OneDrive\Documents\GitHub\TFTDisplay\Drivers\STemWin\lib\libSTemWin532_CM4_GCC.a(GUIDRV_FlexColor_Func66702.o)
 .text._ReadRect_16bpp_B16
                0x08008e86       0x34 C:\Users\twizz\OneDrive\Documents\GitHub\TFTDisplay\Drivers\STemWin\lib\libSTemWin532_CM4_GCC.a(GUIDRV_FlexColor_Func66702.o)
 .text._SetReg_B8
                0x08008eba       0x18 C:\Users\twizz\OneDrive\Documents\GitHub\TFTDisplay\Drivers\STemWin\lib\libSTemWin532_CM4_GCC.a(GUIDRV_FlexColor_Func66702.o)
 .text._WritePara_B8
                0x08008ed2       0x18 C:\Users\twizz\OneDrive\Documents\GitHub\TFTDisplay\Drivers\STemWin\lib\libSTemWin532_CM4_GCC.a(GUIDRV_FlexColor_Func66702.o)
 .text._SetReg_B16
                0x08008eea        0xc C:\Users\twizz\OneDrive\Documents\GitHub\TFTDisplay\Drivers\STemWin\lib\libSTemWin532_CM4_GCC.a(GUIDRV_FlexColor_Func66702.o)
 .text._WritePara_B16
                0x08008ef6        0xc C:\Users\twizz\OneDrive\Documents\GitHub\TFTDisplay\Drivers\STemWin\lib\libSTemWin532_CM4_GCC.a(GUIDRV_FlexColor_Func66702.o)
 *fill*         0x08008f02        0x2 
 .text._SetInterface
                0x08008f04       0x34 C:\Users\twizz\OneDrive\Documents\GitHub\TFTDisplay\Drivers\STemWin\lib\libSTemWin532_CM4_GCC.a(GUIDRV_FlexColor_Func66702.o)
 .text.GUIDRV_FlexColor_SetFunc66702
                0x08008f38       0x64 C:\Users\twizz\OneDrive\Documents\GitHub\TFTDisplay\Drivers\STemWin\lib\libSTemWin532_CM4_GCC.a(GUIDRV_FlexColor_Func66702.o)
                0x08008f38                GUIDRV_FlexColor_SetFunc66702
 .text._ReadData
                0x08008f9c        0xa C:\Users\twizz\OneDrive\Documents\GitHub\TFTDisplay\Drivers\STemWin\lib\libSTemWin532_CM4_GCC.a(GUIDRV_FlexColor_16bpp_C0B16.o)
 .text._WriteData
                0x08008fa6        0xc C:\Users\twizz\OneDrive\Documents\GitHub\TFTDisplay\Drivers\STemWin\lib\libSTemWin532_CM4_GCC.a(GUIDRV_FlexColor_16bpp_C0B16.o)
 *fill*         0x08008fb2        0x2 
 .text._FillRect
                0x08008fb4      0x100 C:\Users\twizz\OneDrive\Documents\GitHub\TFTDisplay\Drivers\STemWin\lib\libSTemWin532_CM4_GCC.a(GUIDRV_FlexColor_16bpp_C0B16.o)
 .text._DrawBitmap
                0x080090b4      0x510 C:\Users\twizz\OneDrive\Documents\GitHub\TFTDisplay\Drivers\STemWin\lib\libSTemWin532_CM4_GCC.a(GUIDRV_FlexColor_16bpp_C0B16.o)
 .text.GUIDRV_FlexColor_SetMode16bppC0B16
                0x080095c4       0x68 C:\Users\twizz\OneDrive\Documents\GitHub\TFTDisplay\Drivers\STemWin\lib\libSTemWin532_CM4_GCC.a(GUIDRV_FlexColor_16bpp_C0B16.o)
                0x080095c4                GUIDRV_FlexColor_SetMode16bppC0B16
 .text._Log2PhysX_X0Y0S0
                0x0800962c        0x4 C:\Users\twizz\OneDrive\Documents\GitHub\TFTDisplay\Drivers\STemWin\lib\libSTemWin532_CM4_GCC.a(GUIDRV_FlexColor.o)
 .text._Log2PhysX_X1Y0S0
                0x08009630        0x8 C:\Users\twizz\OneDrive\Documents\GitHub\TFTDisplay\Drivers\STemWin\lib\libSTemWin532_CM4_GCC.a(GUIDRV_FlexColor.o)
 .text._Log2PhysX_X0Y1S0
                0x08009638        0x4 C:\Users\twizz\OneDrive\Documents\GitHub\TFTDisplay\Drivers\STemWin\lib\libSTemWin532_CM4_GCC.a(GUIDRV_FlexColor.o)
 .text._Log2PhysX_X1Y1S0
                0x0800963c        0x8 C:\Users\twizz\OneDrive\Documents\GitHub\TFTDisplay\Drivers\STemWin\lib\libSTemWin532_CM4_GCC.a(GUIDRV_FlexColor.o)
 .text._Log2PhysX_X0Y0S1
                0x08009644        0x4 C:\Users\twizz\OneDrive\Documents\GitHub\TFTDisplay\Drivers\STemWin\lib\libSTemWin532_CM4_GCC.a(GUIDRV_FlexColor.o)
 .text._Log2PhysX_X1Y0S1
                0x08009648        0x8 C:\Users\twizz\OneDrive\Documents\GitHub\TFTDisplay\Drivers\STemWin\lib\libSTemWin532_CM4_GCC.a(GUIDRV_FlexColor.o)
 .text._Log2PhysX_X0Y1S1
                0x08009650        0x4 C:\Users\twizz\OneDrive\Documents\GitHub\TFTDisplay\Drivers\STemWin\lib\libSTemWin532_CM4_GCC.a(GUIDRV_FlexColor.o)
 .text._Log2PhysX_X1Y1S1
                0x08009654        0x8 C:\Users\twizz\OneDrive\Documents\GitHub\TFTDisplay\Drivers\STemWin\lib\libSTemWin532_CM4_GCC.a(GUIDRV_FlexColor.o)
 .text._Log2PhysY_X0Y0S0
                0x0800965c        0x4 C:\Users\twizz\OneDrive\Documents\GitHub\TFTDisplay\Drivers\STemWin\lib\libSTemWin532_CM4_GCC.a(GUIDRV_FlexColor.o)
 .text._Log2PhysY_X1Y0S0
                0x08009660        0x4 C:\Users\twizz\OneDrive\Documents\GitHub\TFTDisplay\Drivers\STemWin\lib\libSTemWin532_CM4_GCC.a(GUIDRV_FlexColor.o)
 .text._Log2PhysY_X0Y1S0
                0x08009664        0x8 C:\Users\twizz\OneDrive\Documents\GitHub\TFTDisplay\Drivers\STemWin\lib\libSTemWin532_CM4_GCC.a(GUIDRV_FlexColor.o)
 .text._Log2PhysY_X1Y1S0
                0x0800966c        0x8 C:\Users\twizz\OneDrive\Documents\GitHub\TFTDisplay\Drivers\STemWin\lib\libSTemWin532_CM4_GCC.a(GUIDRV_FlexColor.o)
 .text._Log2PhysY_X0Y0S1
                0x08009674        0x4 C:\Users\twizz\OneDrive\Documents\GitHub\TFTDisplay\Drivers\STemWin\lib\libSTemWin532_CM4_GCC.a(GUIDRV_FlexColor.o)
 .text._Log2PhysY_X1Y0S1
                0x08009678        0x4 C:\Users\twizz\OneDrive\Documents\GitHub\TFTDisplay\Drivers\STemWin\lib\libSTemWin532_CM4_GCC.a(GUIDRV_FlexColor.o)
 .text._Log2PhysY_X0Y1S1
                0x0800967c        0x8 C:\Users\twizz\OneDrive\Documents\GitHub\TFTDisplay\Drivers\STemWin\lib\libSTemWin532_CM4_GCC.a(GUIDRV_FlexColor.o)
 .text._Log2PhysY_X1Y1S1
                0x08009684        0x8 C:\Users\twizz\OneDrive\Documents\GitHub\TFTDisplay\Drivers\STemWin\lib\libSTemWin532_CM4_GCC.a(GUIDRV_FlexColor.o)
 .text._SetPixelIndex
                0x0800968c        0xc C:\Users\twizz\OneDrive\Documents\GitHub\TFTDisplay\Drivers\STemWin\lib\libSTemWin532_CM4_GCC.a(GUIDRV_FlexColor.o)
 .text._GetPixelIndex
                0x08009698        0xc C:\Users\twizz\OneDrive\Documents\GitHub\TFTDisplay\Drivers\STemWin\lib\libSTemWin532_CM4_GCC.a(GUIDRV_FlexColor.o)
 .text._XorPixel
                0x080096a4       0x28 C:\Users\twizz\OneDrive\Documents\GitHub\TFTDisplay\Drivers\STemWin\lib\libSTemWin532_CM4_GCC.a(GUIDRV_FlexColor.o)
 .text._DrawHLine
                0x080096cc       0x10 C:\Users\twizz\OneDrive\Documents\GitHub\TFTDisplay\Drivers\STemWin\lib\libSTemWin532_CM4_GCC.a(GUIDRV_FlexColor.o)
 .text._DrawVLine
                0x080096dc       0x12 C:\Users\twizz\OneDrive\Documents\GitHub\TFTDisplay\Drivers\STemWin\lib\libSTemWin532_CM4_GCC.a(GUIDRV_FlexColor.o)
 .text._FillRect
                0x080096ee       0x12 C:\Users\twizz\OneDrive\Documents\GitHub\TFTDisplay\Drivers\STemWin\lib\libSTemWin532_CM4_GCC.a(GUIDRV_FlexColor.o)
 .text._DrawBitmap
                0x08009700       0x28 C:\Users\twizz\OneDrive\Documents\GitHub\TFTDisplay\Drivers\STemWin\lib\libSTemWin532_CM4_GCC.a(GUIDRV_FlexColor.o)
 .text._GetDevFunc_SetRect
                0x08009728        0x2 C:\Users\twizz\OneDrive\Documents\GitHub\TFTDisplay\Drivers\STemWin\lib\libSTemWin532_CM4_GCC.a(GUIDRV_FlexColor.o)
 *fill*         0x0800972a        0x2 
 .text._GetDevFunc_SetRectOutside
                0x0800972c       0x40 C:\Users\twizz\OneDrive\Documents\GitHub\TFTDisplay\Drivers\STemWin\lib\libSTemWin532_CM4_GCC.a(GUIDRV_FlexColor.o)
 .text._ReadPixelCust_16bpp
                0x0800976c        0xe C:\Users\twizz\OneDrive\Documents\GitHub\TFTDisplay\Drivers\STemWin\lib\libSTemWin532_CM4_GCC.a(GUIDRV_FlexColor.o)
 .text._ReadPixelCust_18bpp
                0x0800977a        0xe C:\Users\twizz\OneDrive\Documents\GitHub\TFTDisplay\Drivers\STemWin\lib\libSTemWin532_CM4_GCC.a(GUIDRV_FlexColor.o)
 .text._ReadRectCust_16bpp
                0x08009788       0x36 C:\Users\twizz\OneDrive\Documents\GitHub\TFTDisplay\Drivers\STemWin\lib\libSTemWin532_CM4_GCC.a(GUIDRV_FlexColor.o)
 .text._ReadRectCust_18bpp
                0x080097be       0x36 C:\Users\twizz\OneDrive\Documents\GitHub\TFTDisplay\Drivers\STemWin\lib\libSTemWin532_CM4_GCC.a(GUIDRV_FlexColor.o)
 .text._GetDevFunc
                0x080097f4       0x6c C:\Users\twizz\OneDrive\Documents\GitHub\TFTDisplay\Drivers\STemWin\lib\libSTemWin532_CM4_GCC.a(GUIDRV_FlexColor.o)
 .text._GetDevProp
                0x08009860       0x5a C:\Users\twizz\OneDrive\Documents\GitHub\TFTDisplay\Drivers\STemWin\lib\libSTemWin532_CM4_GCC.a(GUIDRV_FlexColor.o)
 .text._GetDevData
                0x080098ba        0xc C:\Users\twizz\OneDrive\Documents\GitHub\TFTDisplay\Drivers\STemWin\lib\libSTemWin532_CM4_GCC.a(GUIDRV_FlexColor.o)
 .text._GetRect
                0x080098c6       0x16 C:\Users\twizz\OneDrive\Documents\GitHub\TFTDisplay\Drivers\STemWin\lib\libSTemWin532_CM4_GCC.a(GUIDRV_FlexColor.o)
 .text.GUIDRV_FlexColor__SetLog2Phys
                0x080098dc       0x48 C:\Users\twizz\OneDrive\Documents\GitHub\TFTDisplay\Drivers\STemWin\lib\libSTemWin532_CM4_GCC.a(GUIDRV_FlexColor.o)
                0x080098dc                GUIDRV_FlexColor__SetLog2Phys
 .text._SetOrg  0x08009924       0x16 C:\Users\twizz\OneDrive\Documents\GitHub\TFTDisplay\Drivers\STemWin\lib\libSTemWin532_CM4_GCC.a(GUIDRV_FlexColor.o)
 .text.GUIDRV_FlexColor__SetPixelIndexNoCache
                0x0800993a       0x90 C:\Users\twizz\OneDrive\Documents\GitHub\TFTDisplay\Drivers\STemWin\lib\libSTemWin532_CM4_GCC.a(GUIDRV_FlexColor.o)
                0x0800993a                GUIDRV_FlexColor__SetPixelIndexNoCache
 .text.GUIDRV_FlexColor__GetPixelIndexNoCache
                0x080099ca       0xb2 C:\Users\twizz\OneDrive\Documents\GitHub\TFTDisplay\Drivers\STemWin\lib\libSTemWin532_CM4_GCC.a(GUIDRV_FlexColor.o)
                0x080099ca                GUIDRV_FlexColor__GetPixelIndexNoCache
 .text.GUIDRV_FlexColor__InitOnce
                0x08009a7c       0x34 C:\Users\twizz\OneDrive\Documents\GitHub\TFTDisplay\Drivers\STemWin\lib\libSTemWin532_CM4_GCC.a(GUIDRV_FlexColor.o)
                0x08009a7c                GUIDRV_FlexColor__InitOnce
 .text._SetDevFunc
                0x08009ab0       0x9c C:\Users\twizz\OneDrive\Documents\GitHub\TFTDisplay\Drivers\STemWin\lib\libSTemWin532_CM4_GCC.a(GUIDRV_FlexColor.o)
 .text._GetDevFunc_Init
                0x08009b4c       0x4a C:\Users\twizz\OneDrive\Documents\GitHub\TFTDisplay\Drivers\STemWin\lib\libSTemWin532_CM4_GCC.a(GUIDRV_FlexColor.o)
 .text._GetDevFunc_SetSize
                0x08009b96       0x14 C:\Users\twizz\OneDrive\Documents\GitHub\TFTDisplay\Drivers\STemWin\lib\libSTemWin532_CM4_GCC.a(GUIDRV_FlexColor.o)
 .text._GetDevFunc_SetVSize
                0x08009baa       0x14 C:\Users\twizz\OneDrive\Documents\GitHub\TFTDisplay\Drivers\STemWin\lib\libSTemWin532_CM4_GCC.a(GUIDRV_FlexColor.o)
 .text.GUIDRV_FlexColor_Config
                0x08009bbe       0x3c C:\Users\twizz\OneDrive\Documents\GitHub\TFTDisplay\Drivers\STemWin\lib\libSTemWin532_CM4_GCC.a(GUIDRV_FlexColor.o)
                0x08009bbe                GUIDRV_FlexColor_Config
 .text.GUIDRV_FlexColor_SetFunc
                0x08009bfa       0x32 C:\Users\twizz\OneDrive\Documents\GitHub\TFTDisplay\Drivers\STemWin\lib\libSTemWin532_CM4_GCC.a(GUIDRV_FlexColor.o)
                0x08009bfa                GUIDRV_FlexColor_SetFunc
 .text.LCD_UpdateColorIndices
                0x08009c2c       0x24 C:\Users\twizz\OneDrive\Documents\GitHub\TFTDisplay\Drivers\STemWin\lib\libSTemWin532_CM4_GCC.a(LCD_UpdateColorIndices.o)
                0x08009c2c                LCD_UpdateColorIndices
 .text.LCD_SetClipRectEx
                0x08009c50       0x30 C:\Users\twizz\OneDrive\Documents\GitHub\TFTDisplay\Drivers\STemWin\lib\libSTemWin532_CM4_GCC.a(LCD_SetClipRectEx.o)
                0x08009c50                LCD_SetClipRectEx
 .text.LCD_SetVSizeEx
                0x08009c80       0x30 C:\Users\twizz\OneDrive\Documents\GitHub\TFTDisplay\Drivers\STemWin\lib\libSTemWin532_CM4_GCC.a(LCD_Set.o)
                0x08009c80                LCD_SetVSizeEx
 .text.LCD_SetSizeEx
                0x08009cb0       0x30 C:\Users\twizz\OneDrive\Documents\GitHub\TFTDisplay\Drivers\STemWin\lib\libSTemWin532_CM4_GCC.a(LCD_Set.o)
                0x08009cb0                LCD_SetSizeEx
 .text.LCD_SetPosEx
                0x08009ce0       0x30 C:\Users\twizz\OneDrive\Documents\GitHub\TFTDisplay\Drivers\STemWin\lib\libSTemWin532_CM4_GCC.a(LCD_Set.o)
                0x08009ce0                LCD_SetPosEx
 .text.LCD_SetLUTEntryEx
                0x08009d10       0x30 C:\Users\twizz\OneDrive\Documents\GitHub\TFTDisplay\Drivers\STemWin\lib\libSTemWin532_CM4_GCC.a(LCD_Set.o)
                0x08009d10                LCD_SetLUTEntryEx
 .text.LCD_GetPosEx
                0x08009d40       0x30 C:\Users\twizz\OneDrive\Documents\GitHub\TFTDisplay\Drivers\STemWin\lib\libSTemWin532_CM4_GCC.a(LCD_Set.o)
                0x08009d40                LCD_GetPosEx
 .text._GetDevProp
                0x08009d70       0x1e C:\Users\twizz\OneDrive\Documents\GitHub\TFTDisplay\Drivers\STemWin\lib\libSTemWin532_CM4_GCC.a(LCD_GetEx.o)
 .text._GetMaxValue
                0x08009d8e       0x22 C:\Users\twizz\OneDrive\Documents\GitHub\TFTDisplay\Drivers\STemWin\lib\libSTemWin532_CM4_GCC.a(LCD_GetEx.o)
 .text.LCD_GetXSizeEx
                0x08009db0        0x6 C:\Users\twizz\OneDrive\Documents\GitHub\TFTDisplay\Drivers\STemWin\lib\libSTemWin532_CM4_GCC.a(LCD_GetEx.o)
                0x08009db0                LCD_GetXSizeEx
 .text.LCD_GetYSizeEx
                0x08009db6        0x6 C:\Users\twizz\OneDrive\Documents\GitHub\TFTDisplay\Drivers\STemWin\lib\libSTemWin532_CM4_GCC.a(LCD_GetEx.o)
                0x08009db6                LCD_GetYSizeEx
 .text.LCD_GetVXSizeEx
                0x08009dbc        0x6 C:\Users\twizz\OneDrive\Documents\GitHub\TFTDisplay\Drivers\STemWin\lib\libSTemWin532_CM4_GCC.a(LCD_GetEx.o)
                0x08009dbc                LCD_GetVXSizeEx
 .text.LCD_GetVYSizeEx
                0x08009dc2        0x6 C:\Users\twizz\OneDrive\Documents\GitHub\TFTDisplay\Drivers\STemWin\lib\libSTemWin532_CM4_GCC.a(LCD_GetEx.o)
                0x08009dc2                LCD_GetVYSizeEx
 .text.LCD_GetBitsPerPixelEx
                0x08009dc8        0x6 C:\Users\twizz\OneDrive\Documents\GitHub\TFTDisplay\Drivers\STemWin\lib\libSTemWin532_CM4_GCC.a(LCD_GetEx.o)
                0x08009dc8                LCD_GetBitsPerPixelEx
 .text.LCD_GetNumColorsEx
                0x08009dce        0x6 C:\Users\twizz\OneDrive\Documents\GitHub\TFTDisplay\Drivers\STemWin\lib\libSTemWin532_CM4_GCC.a(LCD_GetEx.o)
                0x08009dce                LCD_GetNumColorsEx
 .text.LCD_GetSwapXYEx
                0x08009dd4        0x6 C:\Users\twizz\OneDrive\Documents\GitHub\TFTDisplay\Drivers\STemWin\lib\libSTemWin532_CM4_GCC.a(LCD_GetEx.o)
                0x08009dd4                LCD_GetSwapXYEx
 *fill*         0x08009dda        0x2 
 .text.LCD_GetXSize
                0x08009ddc       0x10 C:\Users\twizz\OneDrive\Documents\GitHub\TFTDisplay\Drivers\STemWin\lib\libSTemWin532_CM4_GCC.a(LCD_GetEx.o)
                0x08009ddc                LCD_GetXSize
 .text.LCD_GetYSize
                0x08009dec       0x10 C:\Users\twizz\OneDrive\Documents\GitHub\TFTDisplay\Drivers\STemWin\lib\libSTemWin532_CM4_GCC.a(LCD_GetEx.o)
                0x08009dec                LCD_GetYSize
 .text.LCD_GetNumColors
                0x08009dfc       0x10 C:\Users\twizz\OneDrive\Documents\GitHub\TFTDisplay\Drivers\STemWin\lib\libSTemWin532_CM4_GCC.a(LCD_GetEx.o)
                0x08009dfc                LCD_GetNumColors
 .text.LCD_GetSwapXY
                0x08009e0c       0x10 C:\Users\twizz\OneDrive\Documents\GitHub\TFTDisplay\Drivers\STemWin\lib\libSTemWin532_CM4_GCC.a(LCD_GetEx.o)
                0x08009e0c                LCD_GetSwapXY
 .text.GUI_GetBitsPerPixelEx
                0x08009e1c       0x18 C:\Users\twizz\OneDrive\Documents\GitHub\TFTDisplay\Drivers\STemWin\lib\libSTemWin532_CM4_GCC.a(LCD_GetEx.o)
                0x08009e1c                GUI_GetBitsPerPixelEx
 .text.LCD_GetPaletteEx
                0x08009e34       0x14 C:\Users\twizz\OneDrive\Documents\GitHub\TFTDisplay\Drivers\STemWin\lib\libSTemWin532_CM4_GCC.a(LCD_GetEx.o)
                0x08009e34                LCD_GetPaletteEx
 .text.LCD_GetPalette
                0x08009e48       0x10 C:\Users\twizz\OneDrive\Documents\GitHub\TFTDisplay\Drivers\STemWin\lib\libSTemWin532_CM4_GCC.a(LCD_GetEx.o)
                0x08009e48                LCD_GetPalette
 .text.GUI_GetpfIndex2ColorEx
                0x08009e58       0x10 C:\Users\twizz\OneDrive\Documents\GitHub\TFTDisplay\Drivers\STemWin\lib\libSTemWin532_CM4_GCC.a(LCD_GetEx.o)
                0x08009e58                GUI_GetpfIndex2ColorEx
 .text.GUI_GetpfColor2IndexEx
                0x08009e68       0x10 C:\Users\twizz\OneDrive\Documents\GitHub\TFTDisplay\Drivers\STemWin\lib\libSTemWin532_CM4_GCC.a(LCD_GetEx.o)
                0x08009e68                GUI_GetpfColor2IndexEx
 .text.LCD_GetXSizeMax
                0x08009e78        0x6 C:\Users\twizz\OneDrive\Documents\GitHub\TFTDisplay\Drivers\STemWin\lib\libSTemWin532_CM4_GCC.a(LCD_GetEx.o)
                0x08009e78                LCD_GetXSizeMax
 .text.LCD_GetYSizeMax
                0x08009e7e        0x6 C:\Users\twizz\OneDrive\Documents\GitHub\TFTDisplay\Drivers\STemWin\lib\libSTemWin532_CM4_GCC.a(LCD_GetEx.o)
                0x08009e7e                LCD_GetYSizeMax
 .text.LCD_GetVXSizeMax
                0x08009e84        0x6 C:\Users\twizz\OneDrive\Documents\GitHub\TFTDisplay\Drivers\STemWin\lib\libSTemWin532_CM4_GCC.a(LCD_GetEx.o)
                0x08009e84                LCD_GetVXSizeMax
 *fill*         0x08009e8a        0x2 
 .text.LCD_SetDisplaySize
                0x08009e8c       0x14 C:\Users\twizz\OneDrive\Documents\GitHub\TFTDisplay\Drivers\STemWin\lib\libSTemWin532_CM4_GCC.a(LCD_GetEx.o)
                0x08009e8c                LCD_SetDisplaySize
 .text.LCD_GetXSizeDisplay
                0x08009ea0        0xc C:\Users\twizz\OneDrive\Documents\GitHub\TFTDisplay\Drivers\STemWin\lib\libSTemWin532_CM4_GCC.a(LCD_GetEx.o)
                0x08009ea0                LCD_GetXSizeDisplay
 .text.LCD_GetYSizeDisplay
                0x08009eac        0xc C:\Users\twizz\OneDrive\Documents\GitHub\TFTDisplay\Drivers\STemWin\lib\libSTemWin532_CM4_GCC.a(LCD_GetEx.o)
                0x08009eac                LCD_GetYSizeDisplay
 .text.LCD__GetBPP
                0x08009eb8       0x7e C:\Users\twizz\OneDrive\Documents\GitHub\TFTDisplay\Drivers\STemWin\lib\libSTemWin532_CM4_GCC.a(LCD_GetEx.o)
                0x08009eb8                LCD__GetBPP
 .text.LCD__GetBPPDevice
                0x08009f36       0x2c C:\Users\twizz\OneDrive\Documents\GitHub\TFTDisplay\Drivers\STemWin\lib\libSTemWin532_CM4_GCC.a(LCD_GetEx.o)
                0x08009f36                LCD__GetBPPDevice
 *fill*         0x08009f62        0x2 
 .text._SetDrawMode
                0x08009f64       0x28 C:\Users\twizz\OneDrive\Documents\GitHub\TFTDisplay\Drivers\STemWin\lib\libSTemWin532_CM4_GCC.a(LCD.o)
 .text.LCD_SetDrawMode
                0x08009f8c       0x10 C:\Users\twizz\OneDrive\Documents\GitHub\TFTDisplay\Drivers\STemWin\lib\libSTemWin532_CM4_GCC.a(LCD.o)
                0x08009f8c                LCD_SetDrawMode
 .text.LCD_DrawPixel
                0x08009f9c       0x5c C:\Users\twizz\OneDrive\Documents\GitHub\TFTDisplay\Drivers\STemWin\lib\libSTemWin532_CM4_GCC.a(LCD.o)
                0x08009f9c                LCD_DrawPixel
 .text.LCD_DrawHLine
                0x08009ff8       0x4c C:\Users\twizz\OneDrive\Documents\GitHub\TFTDisplay\Drivers\STemWin\lib\libSTemWin532_CM4_GCC.a(LCD.o)
                0x08009ff8                LCD_DrawHLine
 .text.LCD_DrawVLine
                0x0800a044       0x4c C:\Users\twizz\OneDrive\Documents\GitHub\TFTDisplay\Drivers\STemWin\lib\libSTemWin532_CM4_GCC.a(LCD.o)
                0x0800a044                LCD_DrawVLine
 .text.LCD_FillRect
                0x0800a090       0x58 C:\Users\twizz\OneDrive\Documents\GitHub\TFTDisplay\Drivers\STemWin\lib\libSTemWin532_CM4_GCC.a(LCD.o)
                0x0800a090                LCD_FillRect
 .text.LCD__DrawBitmap_1bpp
                0x0800a0e8      0x1b8 C:\Users\twizz\OneDrive\Documents\GitHub\TFTDisplay\Drivers\STemWin\lib\libSTemWin532_CM4_GCC.a(LCD.o)
                0x0800a0e8                LCD__DrawBitmap_1bpp
 .text.LCD_DrawBitmap
                0x0800a2a0      0x218 C:\Users\twizz\OneDrive\Documents\GitHub\TFTDisplay\Drivers\STemWin\lib\libSTemWin532_CM4_GCC.a(LCD.o)
                0x0800a2a0                LCD_DrawBitmap
 .text.LCD_SetClipRectMax
                0x0800a4b8       0x20 C:\Users\twizz\OneDrive\Documents\GitHub\TFTDisplay\Drivers\STemWin\lib\libSTemWin532_CM4_GCC.a(LCD.o)
                0x0800a4b8                LCD_SetClipRectMax
 .text.emWin_LCD_Init
                0x0800a4d8       0x92 C:\Users\twizz\OneDrive\Documents\GitHub\TFTDisplay\Drivers\STemWin\lib\libSTemWin532_CM4_GCC.a(LCD.o)
                0x0800a4d8                emWin_LCD_Init
 *fill*         0x0800a56a        0x2 
 .text.LCD_Color2Index
                0x0800a56c       0x20 C:\Users\twizz\OneDrive\Documents\GitHub\TFTDisplay\Drivers\STemWin\lib\libSTemWin532_CM4_GCC.a(LCD.o)
                0x0800a56c                LCD_Color2Index
 .text.LCD_Index2Color
                0x0800a58c       0x20 C:\Users\twizz\OneDrive\Documents\GitHub\TFTDisplay\Drivers\STemWin\lib\libSTemWin532_CM4_GCC.a(LCD.o)
                0x0800a58c                LCD_Index2Color
 .text.LCD_SetColorIndex
                0x0800a5ac       0x18 C:\Users\twizz\OneDrive\Documents\GitHub\TFTDisplay\Drivers\STemWin\lib\libSTemWin532_CM4_GCC.a(LCD.o)
                0x0800a5ac                LCD_SetColorIndex
 .text._SetColor
                0x0800a5c4       0x20 C:\Users\twizz\OneDrive\Documents\GitHub\TFTDisplay\Drivers\STemWin\lib\libSTemWin532_CM4_GCC.a(LCD.o)
 .text.LCD_SetBkColorIndex
                0x0800a5e4       0x18 C:\Users\twizz\OneDrive\Documents\GitHub\TFTDisplay\Drivers\STemWin\lib\libSTemWin532_CM4_GCC.a(LCD.o)
                0x0800a5e4                LCD_SetBkColorIndex
 .text._SetBkColor
                0x0800a5fc       0x20 C:\Users\twizz\OneDrive\Documents\GitHub\TFTDisplay\Drivers\STemWin\lib\libSTemWin532_CM4_GCC.a(LCD.o)
 .text.LCD_SetBkColor
                0x0800a61c       0x10 C:\Users\twizz\OneDrive\Documents\GitHub\TFTDisplay\Drivers\STemWin\lib\libSTemWin532_CM4_GCC.a(LCD.o)
                0x0800a61c                LCD_SetBkColor
 .text.LCD_SetColor
                0x0800a62c       0x10 C:\Users\twizz\OneDrive\Documents\GitHub\TFTDisplay\Drivers\STemWin\lib\libSTemWin532_CM4_GCC.a(LCD.o)
                0x0800a62c                LCD_SetColor
 .text.GUI__memset16
                0x0800a63c       0x5c C:\Users\twizz\OneDrive\Documents\GitHub\TFTDisplay\Drivers\STemWin\lib\libSTemWin532_CM4_GCC.a(GUI__memset16.o)
                0x0800a63c                GUI__memset16
 .text.GUI__memset
                0x0800a698       0x54 C:\Users\twizz\OneDrive\Documents\GitHub\TFTDisplay\Drivers\STemWin\lib\libSTemWin532_CM4_GCC.a(GUI__memset.o)
                0x0800a698                GUI__memset
 .text.GUI__SetText
                0x0800a6ec       0x76 C:\Users\twizz\OneDrive\Documents\GitHub\TFTDisplay\Drivers\STemWin\lib\libSTemWin532_CM4_GCC.a(GUI__SetText.o)
                0x0800a6ec                GUI__SetText
 .text.GUI__ReduceRect
                0x0800a762       0x1c C:\Users\twizz\OneDrive\Documents\GitHub\TFTDisplay\Drivers\STemWin\lib\libSTemWin532_CM4_GCC.a(GUI__ReduceRect.o)
                0x0800a762                GUI__ReduceRect
 *fill*         0x0800a77e        0x2 
 .text.GUI__ManageCacheEx
                0x0800a780       0xe8 C:\Users\twizz\OneDrive\Documents\GitHub\TFTDisplay\Drivers\STemWin\lib\libSTemWin532_CM4_GCC.a(GUI__ManageCache.o)
                0x0800a780                GUI__ManageCacheEx
 .text.GUI__ManageCache
                0x0800a868       0x10 C:\Users\twizz\OneDrive\Documents\GitHub\TFTDisplay\Drivers\STemWin\lib\libSTemWin532_CM4_GCC.a(GUI__ManageCache.o)
                0x0800a868                GUI__ManageCache
 .text.GUI__IntersectRects
                0x0800a878       0x64 C:\Users\twizz\OneDrive\Documents\GitHub\TFTDisplay\Drivers\STemWin\lib\libSTemWin532_CM4_GCC.a(GUI__IntersectRects.o)
                0x0800a878                GUI__IntersectRects
 .text.GUI__IntersectRect
                0x0800a8dc       0x3c C:\Users\twizz\OneDrive\Documents\GitHub\TFTDisplay\Drivers\STemWin\lib\libSTemWin532_CM4_GCC.a(GUI__IntersectRect.o)
                0x0800a8dc                GUI__IntersectRect
 .text.GUI__MixColors
                0x0800a918       0x5e C:\Users\twizz\OneDrive\Documents\GitHub\TFTDisplay\Drivers\STemWin\lib\libSTemWin532_CM4_GCC.a(GUI__Alpha.o)
                0x0800a918                GUI__MixColors
 *fill*         0x0800a976        0x2 
 .text._OnExit  0x0800a978       0x40 C:\Users\twizz\OneDrive\Documents\GitHub\TFTDisplay\Drivers\STemWin\lib\libSTemWin532_CM4_GCC.a(GUI__Alpha.o)
 .text.GUI__GetAlphaBuffer
                0x0800a9b8       0xc8 C:\Users\twizz\OneDrive\Documents\GitHub\TFTDisplay\Drivers\STemWin\lib\libSTemWin532_CM4_GCC.a(GUI__Alpha.o)
                0x0800a9b8                GUI__GetAlphaBuffer
 .text.GUI__DoAlphaBlending
                0x0800aa80      0x1cc C:\Users\twizz\OneDrive\Documents\GitHub\TFTDisplay\Drivers\STemWin\lib\libSTemWin532_CM4_GCC.a(GUI__Alpha.o)
                0x0800aa80                GUI__DoAlphaBlending
 .text.GUI__AllocAlphaBuffer
                0x0800ac4c       0x1a C:\Users\twizz\OneDrive\Documents\GitHub\TFTDisplay\Drivers\STemWin\lib\libSTemWin532_CM4_GCC.a(GUI__Alpha.o)
                0x0800ac4c                GUI__AllocAlphaBuffer
 *fill*         0x0800ac66        0x2 
 .text.GUI_SignalEvent
                0x0800ac68       0x10 C:\Users\twizz\OneDrive\Documents\GitHub\TFTDisplay\Drivers\STemWin\lib\libSTemWin532_CM4_GCC.a(GUI_WaitEvent.o)
                0x0800ac68                GUI_SignalEvent
 .text._RoundHalfUp
                0x0800ac78       0x48 C:\Users\twizz\OneDrive\Documents\GitHub\TFTDisplay\Drivers\STemWin\lib\libSTemWin532_CM4_GCC.a(GUI_Valf.o)
 .text._DispFloatFix
                0x0800acc0       0x40 C:\Users\twizz\OneDrive\Documents\GitHub\TFTDisplay\Drivers\STemWin\lib\libSTemWin532_CM4_GCC.a(GUI_Valf.o)
 .text.GUI_DispFloatFix
                0x0800ad00        0x6 C:\Users\twizz\OneDrive\Documents\GitHub\TFTDisplay\Drivers\STemWin\lib\libSTemWin532_CM4_GCC.a(GUI_Valf.o)
                0x0800ad00                GUI_DispFloatFix
 .text.GUI_DispDecShift
                0x0800ad06       0x1a C:\Users\twizz\OneDrive\Documents\GitHub\TFTDisplay\Drivers\STemWin\lib\libSTemWin532_CM4_GCC.a(GUI_Val.o)
                0x0800ad06                GUI_DispDecShift
 .text.GUI_DispSDecShift
                0x0800ad20       0x34 C:\Users\twizz\OneDrive\Documents\GitHub\TFTDisplay\Drivers\STemWin\lib\libSTemWin532_CM4_GCC.a(GUI_Val.o)
                0x0800ad20                GUI_DispSDecShift
 .text._Unlink  0x0800ad54       0x4c C:\Users\twizz\OneDrive\Documents\GitHub\TFTDisplay\Drivers\STemWin\lib\libSTemWin532_CM4_GCC.a(GUI_Timer.o)
 .text.GUI_TIMER__GetFirstTimer
                0x0800ada0       0x30 C:\Users\twizz\OneDrive\Documents\GitHub\TFTDisplay\Drivers\STemWin\lib\libSTemWin532_CM4_GCC.a(GUI_Timer.o)
                0x0800ada0                GUI_TIMER__GetFirstTimer
 .text.GUI_TIMER__GetNextTimerLin
                0x0800add0       0x38 C:\Users\twizz\OneDrive\Documents\GitHub\TFTDisplay\Drivers\STemWin\lib\libSTemWin532_CM4_GCC.a(GUI_Timer.o)
                0x0800add0                GUI_TIMER__GetNextTimerLin
 .text.GUI_TIMER_Delete
                0x0800ae08       0x68 C:\Users\twizz\OneDrive\Documents\GitHub\TFTDisplay\Drivers\STemWin\lib\libSTemWin532_CM4_GCC.a(GUI_Timer.o)
                0x0800ae08                GUI_TIMER_Delete
 .text.GUI_TIMER_GetFlag
                0x0800ae70       0x2a C:\Users\twizz\OneDrive\Documents\GitHub\TFTDisplay\Drivers\STemWin\lib\libSTemWin532_CM4_GCC.a(GUI_Timer.o)
                0x0800ae70                GUI_TIMER_GetFlag
 .text.GUI_Delay
                0x0800ae9a       0x28 C:\Users\twizz\OneDrive\Documents\GitHub\TFTDisplay\Drivers\STemWin\lib\libSTemWin532_CM4_GCC.a(GUI_Time.o)
                0x0800ae9a                GUI_Delay
 *fill*         0x0800aec2        0x2 
 .text.GUI_TOUCH_SetOrientation
                0x0800aec4        0xc C:\Users\twizz\OneDrive\Documents\GitHub\TFTDisplay\Drivers\STemWin\lib\libSTemWin532_CM4_GCC.a(GUI_TOUCH_DriverAnalog.o)
                0x0800aec4                GUI_TOUCH_SetOrientation
 .text.GUI_TOUCH_Calibrate
                0x0800aed0       0xbc C:\Users\twizz\OneDrive\Documents\GitHub\TFTDisplay\Drivers\STemWin\lib\libSTemWin532_CM4_GCC.a(GUI_TOUCH_DriverAnalog.o)
                0x0800aed0                GUI_TOUCH_Calibrate
 .text.GUI_TOUCH_CalcCoefficients
                0x0800af8c      0x498 C:\Users\twizz\OneDrive\Documents\GitHub\TFTDisplay\Drivers\STemWin\lib\libSTemWin532_CM4_GCC.a(GUI_TOUCH_Calibrate.o)
                0x0800af8c                GUI_TOUCH_CalcCoefficients
 .text.GUI_SetTextMode
                0x0800b424       0x14 C:\Users\twizz\OneDrive\Documents\GitHub\TFTDisplay\Drivers\STemWin\lib\libSTemWin532_CM4_GCC.a(GUI_SetTextMode.o)
                0x0800b424                GUI_SetTextMode
 .text.GUI_SetFont
                0x0800b438       0x14 C:\Users\twizz\OneDrive\Documents\GitHub\TFTDisplay\Drivers\STemWin\lib\libSTemWin532_CM4_GCC.a(GUI_SetFont.o)
                0x0800b438                GUI_SetFont
 .text.GUI_SetDrawMode
                0x0800b44c        0x4 C:\Users\twizz\OneDrive\Documents\GitHub\TFTDisplay\Drivers\STemWin\lib\libSTemWin532_CM4_GCC.a(GUI_SetDrawMode.o)
                0x0800b44c                GUI_SetDrawMode
 .text.GL_SetDefault
                0x0800b450       0x40 C:\Users\twizz\OneDrive\Documents\GitHub\TFTDisplay\Drivers\STemWin\lib\libSTemWin532_CM4_GCC.a(GUI_SetDefault.o)
                0x0800b450                GL_SetDefault
 .text.GUI_SetBkColor
                0x0800b490        0x4 C:\Users\twizz\OneDrive\Documents\GitHub\TFTDisplay\Drivers\STemWin\lib\libSTemWin532_CM4_GCC.a(GUI_SetColor.o)
                0x0800b490                GUI_SetBkColor
 .text.GUI_SetColor
                0x0800b494        0x4 C:\Users\twizz\OneDrive\Documents\GitHub\TFTDisplay\Drivers\STemWin\lib\libSTemWin532_CM4_GCC.a(GUI_SetColor.o)
                0x0800b494                GUI_SetColor
 .text.GUI__AlphaPreserveTrans
                0x0800b498       0x24 C:\Users\twizz\OneDrive\Documents\GitHub\TFTDisplay\Drivers\STemWin\lib\libSTemWin532_CM4_GCC.a(GUI_SetAlpha.o)
                0x0800b498                GUI__AlphaPreserveTrans
 .text.GUI_GetCursorLayer
                0x0800b4bc       0x14 C:\Users\twizz\OneDrive\Documents\GitHub\TFTDisplay\Drivers\STemWin\lib\libSTemWin532_CM4_GCC.a(GUI_SelectLayer.o)
                0x0800b4bc                GUI_GetCursorLayer
 .text.GUI_GetLayerPosEx
                0x0800b4d0       0x14 C:\Users\twizz\OneDrive\Documents\GitHub\TFTDisplay\Drivers\STemWin\lib\libSTemWin532_CM4_GCC.a(GUI_SelectLayer.o)
                0x0800b4d0                GUI_GetLayerPosEx
 .text.GUI_SelectLayer
                0x0800b4e4       0x2c C:\Users\twizz\OneDrive\Documents\GitHub\TFTDisplay\Drivers\STemWin\lib\libSTemWin532_CM4_GCC.a(GUI_SelectLayer.o)
                0x0800b4e4                GUI_SelectLayer
 .text.GUI_SetLayerPosEx
                0x0800b510        0x4 C:\Users\twizz\OneDrive\Documents\GitHub\TFTDisplay\Drivers\STemWin\lib\libSTemWin532_CM4_GCC.a(GUI_SelectLayer.o)
                0x0800b510                GUI_SetLayerPosEx
 .text.GUI_SelectLCD
                0x0800b514       0x12 C:\Users\twizz\OneDrive\Documents\GitHub\TFTDisplay\Drivers\STemWin\lib\libSTemWin532_CM4_GCC.a(GUI_SelectLCD.o)
                0x0800b514                GUI_SelectLCD
 *fill*         0x0800b526        0x2 
 .text.GUI_SaveContext_W
                0x0800b528       0x14 C:\Users\twizz\OneDrive\Documents\GitHub\TFTDisplay\Drivers\STemWin\lib\libSTemWin532_CM4_GCC.a(GUI_SaveContext.o)
                0x0800b528                GUI_SaveContext_W
 .text.GUI_RestoreContext
                0x0800b53c       0x14 C:\Users\twizz\OneDrive\Documents\GitHub\TFTDisplay\Drivers\STemWin\lib\libSTemWin532_CM4_GCC.a(GUI_SaveContext.o)
                0x0800b53c                GUI_RestoreContext
 .text.GUI_RectsIntersect
                0x0800b550       0x3a C:\Users\twizz\OneDrive\Documents\GitHub\TFTDisplay\Drivers\STemWin\lib\libSTemWin532_CM4_GCC.a(GUI_RectsIntersect.o)
                0x0800b550                GUI_RectsIntersect
 .text.GUI_ALLOC_Realloc
                0x0800b58a       0x56 C:\Users\twizz\OneDrive\Documents\GitHub\TFTDisplay\Drivers\STemWin\lib\libSTemWin532_CM4_GCC.a(GUI_Realloc.o)
                0x0800b58a                GUI_ALLOC_Realloc
 .text.GUI_SetPenSize
                0x0800b5e0       0x10 C:\Users\twizz\OneDrive\Documents\GitHub\TFTDisplay\Drivers\STemWin\lib\libSTemWin532_CM4_GCC.a(GUI_Pen.o)
                0x0800b5e0                GUI_SetPenSize
 .text.GUI_PID_GetState
                0x0800b5f0       0x54 C:\Users\twizz\OneDrive\Documents\GitHub\TFTDisplay\Drivers\STemWin\lib\libSTemWin532_CM4_GCC.a(GUI_PID.o)
                0x0800b5f0                GUI_PID_GetState
 .text.GUI_PID_StoreState
                0x0800b644       0xa4 C:\Users\twizz\OneDrive\Documents\GitHub\TFTDisplay\Drivers\STemWin\lib\libSTemWin532_CM4_GCC.a(GUI_PID.o)
                0x0800b644                GUI_PID_StoreState
 .text.GUI_PID_IsEmpty
                0x0800b6e8       0x18 C:\Users\twizz\OneDrive\Documents\GitHub\TFTDisplay\Drivers\STemWin\lib\libSTemWin532_CM4_GCC.a(GUI_PID.o)
                0x0800b6e8                GUI_PID_IsEmpty
 .text.GUI_StoreKey
                0x0800b700       0x10 C:\Users\twizz\OneDrive\Documents\GitHub\TFTDisplay\Drivers\STemWin\lib\libSTemWin532_CM4_GCC.a(GUI_OnKey.o)
                0x0800b700                GUI_StoreKey
 .text.GUI_PollKeyMsg
                0x0800b710       0x38 C:\Users\twizz\OneDrive\Documents\GitHub\TFTDisplay\Drivers\STemWin\lib\libSTemWin532_CM4_GCC.a(GUI_OnKey.o)
                0x0800b710                GUI_PollKeyMsg
 .text.GUI_MoveRect
                0x0800b748       0x20 C:\Users\twizz\OneDrive\Documents\GitHub\TFTDisplay\Drivers\STemWin\lib\libSTemWin532_CM4_GCC.a(GUI_MoveRect.o)
                0x0800b748                GUI_MoveRect
 .text.GUI_MergeRect
                0x0800b768       0x56 C:\Users\twizz\OneDrive\Documents\GitHub\TFTDisplay\Drivers\STemWin\lib\libSTemWin532_CM4_GCC.a(GUI_MergeRect.o)
                0x0800b768                GUI_MergeRect
 *fill*         0x0800b7be        0x2 
 .text.GUI_GotoXY
                0x0800b7c0       0x10 C:\Users\twizz\OneDrive\Documents\GitHub\TFTDisplay\Drivers\STemWin\lib\libSTemWin532_CM4_GCC.a(GUI_Goto.o)
                0x0800b7c0                GUI_GotoXY
 .text.GUI_GetStringDistX
                0x0800b7d0       0x14 C:\Users\twizz\OneDrive\Documents\GitHub\TFTDisplay\Drivers\STemWin\lib\libSTemWin532_CM4_GCC.a(GUI_GetStringDistX.o)
                0x0800b7d0                GUI_GetStringDistX
 .text.GUI_GetOrg
                0x0800b7e4       0x1c C:\Users\twizz\OneDrive\Documents\GitHub\TFTDisplay\Drivers\STemWin\lib\libSTemWin532_CM4_GCC.a(GUI_GetOrg.o)
                0x0800b7e4                GUI_GetOrg
 .text.GUI_GetFontSizeY
                0x0800b800        0x4 C:\Users\twizz\OneDrive\Documents\GitHub\TFTDisplay\Drivers\STemWin\lib\libSTemWin532_CM4_GCC.a(GUI_GetFontSizeY.o)
                0x0800b800                GUI_GetFontSizeY
 .text.GUI_Exec1
                0x0800b804       0x34 C:\Users\twizz\OneDrive\Documents\GitHub\TFTDisplay\Drivers\STemWin\lib\libSTemWin532_CM4_GCC.a(GUI_Exec.o)
                0x0800b804                GUI_Exec1
 .text.GUI_Exec
                0x0800b838       0x12 C:\Users\twizz\OneDrive\Documents\GitHub\TFTDisplay\Drivers\STemWin\lib\libSTemWin532_CM4_GCC.a(GUI_Exec.o)
                0x0800b838                GUI_Exec
 *fill*         0x0800b84a        0x2 
 .text.GUI_DrawVLine
                0x0800b84c       0x44 C:\Users\twizz\OneDrive\Documents\GitHub\TFTDisplay\Drivers\STemWin\lib\libSTemWin532_CM4_GCC.a(GUI_DrawVLine.o)
                0x0800b84c                GUI_DrawVLine
 .text.GUI_DrawHLine
                0x0800b890       0x48 C:\Users\twizz\OneDrive\Documents\GitHub\TFTDisplay\Drivers\STemWin\lib\libSTemWin532_CM4_GCC.a(GUI_DrawHLine.o)
                0x0800b890                GUI_DrawHLine
 .text._DrawGradient
                0x0800b8d8      0x1da C:\Users\twizz\OneDrive\Documents\GitHub\TFTDisplay\Drivers\STemWin\lib\libSTemWin532_CM4_GCC.a(GUI_DrawGradient.o)
 *fill*         0x0800bab2        0x2 
 .text.GUI_DrawGradientV
                0x0800bab4       0x64 C:\Users\twizz\OneDrive\Documents\GitHub\TFTDisplay\Drivers\STemWin\lib\libSTemWin532_CM4_GCC.a(GUI_DrawGradient.o)
                0x0800bab4                GUI_DrawGradientV
 .text.GUI_DrawGradientH
                0x0800bb18       0x64 C:\Users\twizz\OneDrive\Documents\GitHub\TFTDisplay\Drivers\STemWin\lib\libSTemWin532_CM4_GCC.a(GUI_DrawGradient.o)
                0x0800bb18                GUI_DrawGradientH
 .text.GUI_DispStringAt
                0x0800bb7c       0x10 C:\Users\twizz\OneDrive\Documents\GitHub\TFTDisplay\Drivers\STemWin\lib\libSTemWin532_CM4_GCC.a(GUI_DispStringAt.o)
                0x0800bb7c                GUI_DispStringAt
 .text.GUI_DispString
                0x0800bb8c      0x108 C:\Users\twizz\OneDrive\Documents\GitHub\TFTDisplay\Drivers\STemWin\lib\libSTemWin532_CM4_GCC.a(GUI_DispString.o)
                0x0800bb8c                GUI_DispString
 .text.GUI_DEVICE__GetpDriver
                0x0800bc94       0x20 C:\Users\twizz\OneDrive\Documents\GitHub\TFTDisplay\Drivers\STemWin\lib\libSTemWin532_CM4_GCC.a(GUI_Device.o)
                0x0800bc94                GUI_DEVICE__GetpDriver
 .text.GUI_DEVICE_Delete
                0x0800bcb4        0x4 C:\Users\twizz\OneDrive\Documents\GitHub\TFTDisplay\Drivers\STemWin\lib\libSTemWin532_CM4_GCC.a(GUI_Device.o)
                0x0800bcb4                GUI_DEVICE_Delete
 .text.GUI_DEVICE_Create
                0x0800bcb8       0x4c C:\Users\twizz\OneDrive\Documents\GitHub\TFTDisplay\Drivers\STemWin\lib\libSTemWin532_CM4_GCC.a(GUI_Device.o)
                0x0800bcb8                GUI_DEVICE_Create
 .text.GUI_DEVICE_Unlink
                0x0800bd04       0x2c C:\Users\twizz\OneDrive\Documents\GitHub\TFTDisplay\Drivers\STemWin\lib\libSTemWin532_CM4_GCC.a(GUI_Device.o)
                0x0800bd04                GUI_DEVICE_Unlink
 .text.GUI_DEVICE_Link
                0x0800bd30       0x74 C:\Users\twizz\OneDrive\Documents\GitHub\TFTDisplay\Drivers\STemWin\lib\libSTemWin532_CM4_GCC.a(GUI_Device.o)
                0x0800bd30                GUI_DEVICE_Link
 .text.GUI_DEVICE_CreateAndLink
                0x0800bda4       0x28 C:\Users\twizz\OneDrive\Documents\GitHub\TFTDisplay\Drivers\STemWin\lib\libSTemWin532_CM4_GCC.a(GUI_Device.o)
                0x0800bda4                GUI_DEVICE_CreateAndLink
 .text._OnExit  0x0800bdcc       0x2c C:\Users\twizz\OneDrive\Documents\GitHub\TFTDisplay\Drivers\STemWin\lib\libSTemWin532_CM4_GCC.a(GUI_Core.o)
 .text._InitContext
                0x0800bdf8       0x80 C:\Users\twizz\OneDrive\Documents\GitHub\TFTDisplay\Drivers\STemWin\lib\libSTemWin532_CM4_GCC.a(GUI_Core.o)
 .text.GUI_SetDefaultFont